Archive member included to satisfy reference by file (symbol)

/opt/st/stm32cubeide_1.12.1/plugins/com.st.stm32cube.ide.mcu.externaltools.gnu-tools-for-stm32.10.3-2021.10.linux64_1.0.200.202301161003/tools/bin/../lib/gcc/arm-none-eabi/10.3.1/../../../../arm-none-eabi/lib/thumb/v7-m/nofp/libc_nano.a(lib_a-errno.o)
                              ./Core/Src/syscalls.o (__errno)
/opt/st/stm32cubeide_1.12.1/plugins/com.st.stm32cube.ide.mcu.externaltools.gnu-tools-for-stm32.10.3-2021.10.linux64_1.0.200.202301161003/tools/bin/../lib/gcc/arm-none-eabi/10.3.1/../../../../arm-none-eabi/lib/thumb/v7-m/nofp/libc_nano.a(lib_a-exit.o)
                              /opt/st/stm32cubeide_1.12.1/plugins/com.st.stm32cube.ide.mcu.externaltools.gnu-tools-for-stm32.10.3-2021.10.linux64_1.0.200.202301161003/tools/bin/../lib/gcc/arm-none-eabi/10.3.1/../../../../arm-none-eabi/lib/thumb/v7-m/nofp/crt0.o (exit)
/opt/st/stm32cubeide_1.12.1/plugins/com.st.stm32cube.ide.mcu.externaltools.gnu-tools-for-stm32.10.3-2021.10.linux64_1.0.200.202301161003/tools/bin/../lib/gcc/arm-none-eabi/10.3.1/../../../../arm-none-eabi/lib/thumb/v7-m/nofp/libc_nano.a(lib_a-impure.o)
                              /opt/st/stm32cubeide_1.12.1/plugins/com.st.stm32cube.ide.mcu.externaltools.gnu-tools-for-stm32.10.3-2021.10.linux64_1.0.200.202301161003/tools/bin/../lib/gcc/arm-none-eabi/10.3.1/../../../../arm-none-eabi/lib/thumb/v7-m/nofp/libc_nano.a(lib_a-exit.o) (_global_impure_ptr)
/opt/st/stm32cubeide_1.12.1/plugins/com.st.stm32cube.ide.mcu.externaltools.gnu-tools-for-stm32.10.3-2021.10.linux64_1.0.200.202301161003/tools/bin/../lib/gcc/arm-none-eabi/10.3.1/../../../../arm-none-eabi/lib/thumb/v7-m/nofp/libc_nano.a(lib_a-init.o)
                              /opt/st/stm32cubeide_1.12.1/plugins/com.st.stm32cube.ide.mcu.externaltools.gnu-tools-for-stm32.10.3-2021.10.linux64_1.0.200.202301161003/tools/bin/../lib/gcc/arm-none-eabi/10.3.1/../../../../arm-none-eabi/lib/thumb/v7-m/nofp/crt0.o (__libc_init_array)
/opt/st/stm32cubeide_1.12.1/plugins/com.st.stm32cube.ide.mcu.externaltools.gnu-tools-for-stm32.10.3-2021.10.linux64_1.0.200.202301161003/tools/bin/../lib/gcc/arm-none-eabi/10.3.1/../../../../arm-none-eabi/lib/thumb/v7-m/nofp/libc_nano.a(lib_a-memset.o)
                              /opt/st/stm32cubeide_1.12.1/plugins/com.st.stm32cube.ide.mcu.externaltools.gnu-tools-for-stm32.10.3-2021.10.linux64_1.0.200.202301161003/tools/bin/../lib/gcc/arm-none-eabi/10.3.1/../../../../arm-none-eabi/lib/thumb/v7-m/nofp/crt0.o (memset)
/opt/st/stm32cubeide_1.12.1/plugins/com.st.stm32cube.ide.mcu.externaltools.gnu-tools-for-stm32.10.3-2021.10.linux64_1.0.200.202301161003/tools/bin/../lib/gcc/arm-none-eabi/10.3.1/thumb/v7-m/nofp/libgcc.a(_arm_muldf3.o)
                              ./Core/Src/main.o (__aeabi_dmul)
/opt/st/stm32cubeide_1.12.1/plugins/com.st.stm32cube.ide.mcu.externaltools.gnu-tools-for-stm32.10.3-2021.10.linux64_1.0.200.202301161003/tools/bin/../lib/gcc/arm-none-eabi/10.3.1/thumb/v7-m/nofp/libgcc.a(_arm_addsubdf3.o)
                              ./Core/Src/main.o (__aeabi_ui2d)
/opt/st/stm32cubeide_1.12.1/plugins/com.st.stm32cube.ide.mcu.externaltools.gnu-tools-for-stm32.10.3-2021.10.linux64_1.0.200.202301161003/tools/bin/../lib/gcc/arm-none-eabi/10.3.1/thumb/v7-m/nofp/libgcc.a(_arm_fixunsdfsi.o)
                              ./Core/Src/main.o (__aeabi_d2uiz)

Discarded input sections

 .text          0x0000000000000000        0x0 /opt/st/stm32cubeide_1.12.1/plugins/com.st.stm32cube.ide.mcu.externaltools.gnu-tools-for-stm32.10.3-2021.10.linux64_1.0.200.202301161003/tools/bin/../lib/gcc/arm-none-eabi/10.3.1/thumb/v7-m/nofp/crti.o
 .data          0x0000000000000000        0x0 /opt/st/stm32cubeide_1.12.1/plugins/com.st.stm32cube.ide.mcu.externaltools.gnu-tools-for-stm32.10.3-2021.10.linux64_1.0.200.202301161003/tools/bin/../lib/gcc/arm-none-eabi/10.3.1/thumb/v7-m/nofp/crti.o
 .bss           0x0000000000000000        0x0 /opt/st/stm32cubeide_1.12.1/plugins/com.st.stm32cube.ide.mcu.externaltools.gnu-tools-for-stm32.10.3-2021.10.linux64_1.0.200.202301161003/tools/bin/../lib/gcc/arm-none-eabi/10.3.1/thumb/v7-m/nofp/crti.o
 .data          0x0000000000000000        0x4 /opt/st/stm32cubeide_1.12.1/plugins/com.st.stm32cube.ide.mcu.externaltools.gnu-tools-for-stm32.10.3-2021.10.linux64_1.0.200.202301161003/tools/bin/../lib/gcc/arm-none-eabi/10.3.1/thumb/v7-m/nofp/crtbegin.o
 .rodata        0x0000000000000000       0x24 /opt/st/stm32cubeide_1.12.1/plugins/com.st.stm32cube.ide.mcu.externaltools.gnu-tools-for-stm32.10.3-2021.10.linux64_1.0.200.202301161003/tools/bin/../lib/gcc/arm-none-eabi/10.3.1/thumb/v7-m/nofp/crtbegin.o
 .text          0x0000000000000000       0x7c /opt/st/stm32cubeide_1.12.1/plugins/com.st.stm32cube.ide.mcu.externaltools.gnu-tools-for-stm32.10.3-2021.10.linux64_1.0.200.202301161003/tools/bin/../lib/gcc/arm-none-eabi/10.3.1/../../../../arm-none-eabi/lib/thumb/v7-m/nofp/crt0.o
[...]
Memory Configuration

Name             Origin             Length             Attributes
RAM              0x0000000020000000 0x0000000000005000 xrw
FLASH            0x0000000008000000 0x0000000000010000 xr
*default*        0x0000000000000000 0xffffffffffffffff

Linker script and memory map

LOAD /opt/st/stm32cubeide_1.12.1/plugins/com.st.stm32cube.ide.mcu.externaltools.gnu-tools-for-stm32.10.3-2021.10.linux64_1.0.200.202301161003/tools/bin/../lib/gcc/arm-none-eabi/10.3.1/thumb/v7-m/nofp/crti.o
LOAD /opt/st/stm32cubeide_1.12.1/plugins/com.st.stm32cube.ide.mcu.externaltools.gnu-tools-for-stm32.10.3-2021.10.linux64_1.0.200.202301161003/tools/bin/../lib/gcc/arm-none-eabi/10.3.1/thumb/v7-m/nofp/crtbegin.o
LOAD /opt/st/stm32cubeide_1.12.1/plugins/com.st.stm32cube.ide.mcu.externaltools.gnu-tools-for-stm32.10.3-2021.10.linux64_1.0.200.202301161003/tools/bin/../lib/gcc/arm-none-eabi/10.3.1/../../../../arm-none-eabi/lib/thumb/v7-m/nofp/crt0.o
LOAD ./Core/Src/fatfs_sd.o
LOAD ./Core/Src/main.o
LOAD ./Core/Src/stm32f1xx_hal_msp.o
LOAD ./Core/Src/stm32f1xx_it.o
LOAD ./Core/Src/syscalls.o
LOAD ./Core/Src/sysmem.o
LOAD ./Core/Src/system_stm32f1xx.o
LOAD ./Core/Startup/startup_stm32f103c8tx.o
LOAD ./Drivers/STM32F1xx_HAL_Driver/Src/stm32f1xx_hal.o
LOAD ./Drivers/STM32F1xx_HAL_Driver/Src/stm32f1xx_hal_cortex.o
LOAD ./Drivers/STM32F1xx_HAL_Driver/Src/stm32f1xx_hal_dma.o
LOAD ./Drivers/STM32F1xx_HAL_Driver/Src/stm32f1xx_hal_exti.o
LOAD ./Drivers/STM32F1xx_HAL_Driver/Src/stm32f1xx_hal_flash.o
LOAD ./Drivers/STM32F1xx_HAL_Driver/Src/stm32f1xx_hal_flash_ex.o
LOAD ./Drivers/STM32F1xx_HAL_Driver/Src/stm32f1xx_hal_gpio.o
LOAD ./Drivers/STM32F1xx_HAL_Driver/Src/stm32f1xx_hal_gpio_ex.o
LOAD ./Drivers/STM32F1xx_HAL_Driver/Src/stm32f1xx_hal_pcd.o
LOAD ./Drivers/STM32F1xx_HAL_Driver/Src/stm32f1xx_hal_pcd_ex.o
LOAD ./Drivers/STM32F1xx_HAL_Driver/Src/stm32f1xx_hal_pwr.o
LOAD ./Drivers/STM32F1xx_HAL_Driver/Src/stm32f1xx_hal_rcc.o
LOAD ./Drivers/STM32F1xx_HAL_Driver/Src/stm32f1xx_hal_rcc_ex.o
LOAD ./Drivers/STM32F1xx_HAL_Driver/Src/stm32f1xx_hal_spi.o
LOAD ./Drivers/STM32F1xx_HAL_Driver/Src/stm32f1xx_hal_tim.o
LOAD ./Drivers/STM32F1xx_HAL_Driver/Src/stm32f1xx_hal_tim_ex.o
LOAD ./Drivers/STM32F1xx_HAL_Driver/Src/stm32f1xx_ll_usb.o
LOAD ./FATFS/App/fatfs.o
LOAD ./FATFS/Target/user_diskio.o
LOAD ./Middlewares/ST/STM32_USB_Device_Library/Class/MSC/Src/usbd_msc.o
LOAD ./Middlewares/ST/STM32_USB_Device_Library/Class/MSC/Src/usbd_msc_bot.o
LOAD ./Middlewares/ST/STM32_USB_Device_Library/Class/MSC/Src/usbd_msc_data.o
LOAD ./Middlewares/ST/STM32_USB_Device_Library/Class/MSC/Src/usbd_msc_scsi.o
LOAD ./Middlewares/ST/STM32_USB_Device_Library/Core/Src/usbd_core.o
LOAD ./Middlewares/ST/STM32_USB_Device_Library/Core/Src/usbd_ctlreq.o
LOAD ./Middlewares/ST/STM32_USB_Device_Library/Core/Src/usbd_ioreq.o
LOAD ./Middlewares/Third_Party/FatFs/src/diskio.o
LOAD ./Middlewares/Third_Party/FatFs/src/ff.o
LOAD ./Middlewares/Third_Party/FatFs/src/ff_gen_drv.o
LOAD ./Middlewares/Third_Party/FatFs/src/option/ccsbcs.o
LOAD ./Middlewares/Third_Party/FatFs/src/option/syscall.o
LOAD ./USB_DEVICE/App/usb_device.o
LOAD ./USB_DEVICE/App/usbd_desc.o
LOAD ./USB_DEVICE/App/usbd_storage_if.o
LOAD ./USB_DEVICE/Target/usbd_conf.o
START GROUP
LOAD /opt/st/stm32cubeide_1.12.1/plugins/com.st.stm32cube.ide.mcu.externaltools.gnu-tools-for-stm32.10.3-2021.10.linux64_1.0.200.202301161003/tools/bin/../lib/gcc/arm-none-eabi/10.3.1/../../../../arm-none-eabi/lib/thumb/v7-m/nofp/libc_nano.a
LOAD /opt/st/stm32cubeide_1.12.1/plugins/com.st.stm32cube.ide.mcu.externaltools.gnu-tools-for-stm32.10.3-2021.10.linux64_1.0.200.202301161003/tools/bin/../lib/gcc/arm-none-eabi/10.3.1/../../../../arm-none-eabi/lib/thumb/v7-m/nofp/libm.a
END GROUP
START GROUP
LOAD /opt/st/stm32cubeide_1.12.1/plugins/com.st.stm32cube.ide.mcu.externaltools.gnu-tools-for-stm32.10.3-2021.10.linux64_1.0.200.202301161003/tools/bin/../lib/gcc/arm-none-eabi/10.3.1/thumb/v7-m/nofp/libgcc.a
LOAD /opt/st/stm32cubeide_1.12.1/plugins/com.st.stm32cube.ide.mcu.externaltools.gnu-tools-for-stm32.10.3-2021.10.linux64_1.0.200.202301161003/tools/bin/../lib/gcc/arm-none-eabi/10.3.1/../../../../arm-none-eabi/lib/thumb/v7-m/nofp/libc_nano.a
END GROUP
START GROUP
LOAD /opt/st/stm32cubeide_1.12.1/plugins/com.st.stm32cube.ide.mcu.externaltools.gnu-tools-for-stm32.10.3-2021.10.linux64_1.0.200.202301161003/tools/bin/../lib/gcc/arm-none-eabi/10.3.1/thumb/v7-m/nofp/libgcc.a
LOAD /opt/st/stm32cubeide_1.12.1/plugins/com.st.stm32cube.ide.mcu.externaltools.gnu-tools-for-stm32.10.3-2021.10.linux64_1.0.200.202301161003/tools/bin/../lib/gcc/arm-none-eabi/10.3.1/../../../../arm-none-eabi/lib/thumb/v7-m/nofp/libc_nano.a
LOAD /opt/st/stm32cubeide_1.12.1/plugins/com.st.stm32cube.ide.mcu.externaltools.gnu-tools-for-stm32.10.3-2021.10.linux64_1.0.200.202301161003/tools/bin/../lib/gcc/arm-none-eabi/10.3.1/../../../../arm-none-eabi/lib/thumb/v7-m/nofp/libnosys.a
END GROUP
START GROUP
LOAD /opt/st/stm32cubeide_1.12.1/plugins/com.st.stm32cube.ide.mcu.externaltools.gnu-tools-for-stm32.10.3-2021.10.linux64_1.0.200.202301161003/tools/bin/../lib/gcc/arm-none-eabi/10.3.1/thumb/v7-m/nofp/libgcc.a
LOAD /opt/st/stm32cubeide_1.12.1/plugins/com.st.stm32cube.ide.mcu.externaltools.gnu-tools-for-stm32.10.3-2021.10.linux64_1.0.200.202301161003/tools/bin/../lib/gcc/arm-none-eabi/10.3.1/../../../../arm-none-eabi/lib/thumb/v7-m/nofp/libc_nano.a
LOAD /opt/st/stm32cubeide_1.12.1/plugins/com.st.stm32cube.ide.mcu.externaltools.gnu-tools-for-stm32.10.3-2021.10.linux64_1.0.200.202301161003/tools/bin/../lib/gcc/arm-none-eabi/10.3.1/../../../../arm-none-eabi/lib/thumb/v7-m/nofp/libnosys.a
END GROUP
LOAD /opt/st/stm32cubeide_1.12.1/plugins/com.st.stm32cube.ide.mcu.externaltools.gnu-tools-for-stm32.10.3-2021.10.linux64_1.0.200.202301161003/tools/bin/../lib/gcc/arm-none-eabi/10.3.1/thumb/v7-m/nofp/crtend.o
LOAD /opt/st/stm32cubeide_1.12.1/plugins/com.st.stm32cube.ide.mcu.externaltools.gnu-tools-for-stm32.10.3-2021.10.linux64_1.0.200.202301161003/tools/bin/../lib/gcc/arm-none-eabi/10.3.1/thumb/v7-m/nofp/crtn.o
                0x0000000020005000                _estack = (ORIGIN (RAM) + LENGTH (RAM))
                0x0000000000000200                _Min_Heap_Size = 0x200
                0x0000000000000400                _Min_Stack_Size = 0x400

.isr_vector     0x0000000008000000      0x10c
                0x0000000008000000                . = ALIGN (0x4)
 *(.isr_vector)
 .isr_vector    0x0000000008000000      0x10c ./Core/Startup/startup_stm32f103c8tx.o
                0x0000000008000000                g_pfnVectors
                0x000000000800010c                . = ALIGN (0x4)

.text           0x000000000800010c     0xe4b4
                0x000000000800010c                . = ALIGN (0x4)
 *(.text)
 .text          0x000000000800010c       0x40 /opt/st/stm32cubeide_1.12.1/plugins/com.st.stm32cube.ide.mcu.externaltools.gnu-tools-for-stm32.10.3-2021.10.linux64_1.0.200.202301161003/tools/bin/../lib/gcc/arm-none-eabi/10.3.1/thumb/v7-m/nofp/crtbegin.o
 .text          0x000000000800014c      0x254 /opt/st/stm32cubeide_1.12.1/plugins/com.st.stm32cube.ide.mcu.externaltools.gnu-tools-for-stm32.10.3-2021.10.linux64_1.0.200.202301161003/tools/bin/../lib/gcc/arm-none-eabi/10.3.1/thumb/v7-m/nofp/libgcc.a(_arm_muldf3.o)
                0x000000000800014c                __aeabi_dmul
                0x000000000800014c                __muldf3
 .text          0x00000000080003a0      0x378 /opt/st/stm32cubeide_1.12.1/plugins/com.st.stm32cube.ide.mcu.externaltools.gnu-tools-for-stm32.10.3-2021.10.linux64_1.0.200.202301161003/tools/bin/../lib/gcc/arm-none-eabi/10.3.1/thumb/v7-m/nofp/libgcc.a(_arm_addsubdf3.o)
                0x00000000080003a0                __aeabi_drsub
                0x00000000080003a8                __aeabi_dsub
                0x00000000080003a8                __subdf3
                0x00000000080003ac                __adddf3
                0x00000000080003ac                __aeabi_dadd
                0x0000000008000624                __aeabi_ui2d
                0x0000000008000624                __floatunsidf
                0x0000000008000644                __floatsidf
                0x0000000008000644                __aeabi_i2d
                0x0000000008000668                __extendsfdf2
                0x0000000008000668                __aeabi_f2d
                0x00000000080006ac                __aeabi_ul2d
                0x00000000080006ac                __floatundidf
                0x00000000080006bc                __floatdidf
                0x00000000080006bc                __aeabi_l2d
 .text          0x0000000008000718       0x40 /opt/st/stm32cubeide_1.12.1/plugins/com.st.stm32cube.ide.mcu.externaltools.gnu-tools-for-stm32.10.3-2021.10.linux64_1.0.200.202301161003/tools/bin/../lib/gcc/arm-none-eabi/10.3.1/thumb/v7-m/nofp/libgcc.a(_arm_fixunsdfsi.o)
                0x0000000008000718                __fixunsdfsi
                0x0000000008000718                __aeabi_d2uiz
 *(.text*)
 .text.SELECT   0x0000000008000758       0x1c ./Core/Src/fatfs_sd.o
 .text.DESELECT
                0x0000000008000774       0x1c ./Core/Src/fatfs_sd.o
 .text.SPI_TxByte
                0x0000000008000790       0x34 ./Core/Src/fatfs_sd.o
 .text.SPI_TxBuffer
                0x00000000080007c4       0x34 ./Core/Src/fatfs_sd.o
 .text.SPI_RxByte
                0x00000000080007f8       0x38 ./Core/Src/fatfs_sd.o
 .text.SPI_RxBytePtr
                0x0000000008000830       0x1c ./Core/Src/fatfs_sd.o
 .text.SD_ReadyWait
                0x000000000800084c       0x34 ./Core/Src/fatfs_sd.o
 .text.SD_PowerOn
                0x0000000008000880       0x84 ./Core/Src/fatfs_sd.o
 .text.SD_PowerOff
                0x0000000008000904       0x18 ./Core/Src/fatfs_sd.o
 .text.SD_CheckPower
                0x000000000800091c       0x14 ./Core/Src/fatfs_sd.o
 .text.SD_RxDataBlock
                0x0000000008000930       0x5c ./Core/Src/fatfs_sd.o
 .text.SD_TxDataBlock
                0x000000000800098c       0x86 ./Core/Src/fatfs_sd.o
 .text.SD_SendCmd
                0x0000000008000a12       0xa8 ./Core/Src/fatfs_sd.o
 *fill*         0x0000000008000aba        0x2 
 .text.SD_disk_initialize
                0x0000000008000abc      0x1cc ./Core/Src/fatfs_sd.o
                0x0000000008000abc                SD_disk_initialize
 .text.SD_disk_status
                0x0000000008000c88       0x28 ./Core/Src/fatfs_sd.o
                0x0000000008000c88                SD_disk_status
 .text.SD_disk_read
                0x0000000008000cb0       0xd4 ./Core/Src/fatfs_sd.o
                0x0000000008000cb0                SD_disk_read
 .text.SD_disk_write
                0x0000000008000d84      0x108 ./Core/Src/fatfs_sd.o
                0x0000000008000d84                SD_disk_write
 .text.SD_disk_ioctl
                0x0000000008000e8c      0x258 ./Core/Src/fatfs_sd.o
                0x0000000008000e8c                SD_disk_ioctl
 .text.main     0x00000000080010e4      0x114 ./Core/Src/main.o
                0x00000000080010e4                main
 .text.SystemClock_Config
                0x00000000080011f8       0xb4 ./Core/Src/main.o
                0x00000000080011f8                SystemClock_Config
 .text.MX_SPI1_Init
                0x00000000080012ac       0x6c ./Core/Src/main.o
 .text.MX_GPIO_Init
                0x0000000008001318       0xc0 ./Core/Src/main.o
 .text.Error_Handler
                0x00000000080013d8        0xa ./Core/Src/main.o
                0x00000000080013d8                Error_Handler
 *fill*         0x00000000080013e2        0x2 
 .text.HAL_MspInit
                0x00000000080013e4       0x44 ./Core/Src/stm32f1xx_hal_msp.o
                0x00000000080013e4                HAL_MspInit
 .text.HAL_SPI_MspInit
                0x0000000008001428       0xa4 ./Core/Src/stm32f1xx_hal_msp.o
                0x0000000008001428                HAL_SPI_MspInit
 .text.NMI_Handler
                0x00000000080014cc        0x6 ./Core/Src/stm32f1xx_it.o
                0x00000000080014cc                NMI_Handler
 .text.HardFault_Handler
                0x00000000080014d2        0x6 ./Core/Src/stm32f1xx_it.o
                0x00000000080014d2                HardFault_Handler
 .text.MemManage_Handler
                0x00000000080014d8        0x6 ./Core/Src/stm32f1xx_it.o
                0x00000000080014d8                MemManage_Handler
 .text.BusFault_Handler
                0x00000000080014de        0x6 ./Core/Src/stm32f1xx_it.o
                0x00000000080014de                BusFault_Handler
 .text.UsageFault_Handler
                0x00000000080014e4        0x6 ./Core/Src/stm32f1xx_it.o
                0x00000000080014e4                UsageFault_Handler
 .text.SVC_Handler
                0x00000000080014ea        0xc ./Core/Src/stm32f1xx_it.o
                0x00000000080014ea                SVC_Handler
 .text.DebugMon_Handler
                0x00000000080014f6        0xc ./Core/Src/stm32f1xx_it.o
                0x00000000080014f6                DebugMon_Handler
 .text.PendSV_Handler
                0x0000000008001502        0xc ./Core/Src/stm32f1xx_it.o
                0x0000000008001502                PendSV_Handler
 *fill*         0x000000000800150e        0x2 
 .text.SysTick_Handler
                0x0000000008001510       0x3c ./Core/Src/stm32f1xx_it.o
                0x0000000008001510                SysTick_Handler
 .text.USB_HP_CAN1_TX_IRQHandler
                0x000000000800154c       0x14 ./Core/Src/stm32f1xx_it.o
                0x000000000800154c                USB_HP_CAN1_TX_IRQHandler
 .text.USB_LP_CAN1_RX0_IRQHandler
                0x0000000008001560       0x14 ./Core/Src/stm32f1xx_it.o
                0x0000000008001560                USB_LP_CAN1_RX0_IRQHandler
 .text.SPI1_IRQHandler
                0x0000000008001574       0x14 ./Core/Src/stm32f1xx_it.o
                0x0000000008001574                SPI1_IRQHandler
 .text.SystemInit
                0x0000000008001588        0xc ./Core/Src/system_stm32f1xx.o
                0x0000000008001588                SystemInit
 .text.Reset_Handler
                0x0000000008001594       0x48 ./Core/Startup/startup_stm32f103c8tx.o
                0x0000000008001594                Reset_Handler
 .text.Default_Handler
                0x00000000080015dc        0x2 ./Core/Startup/startup_stm32f103c8tx.o
                0x00000000080015dc                RTC_Alarm_IRQHandler
                0x00000000080015dc                EXTI2_IRQHandler
                0x00000000080015dc                TIM1_CC_IRQHandler
                0x00000000080015dc                PVD_IRQHandler
                0x00000000080015dc                EXTI3_IRQHandler
                0x00000000080015dc                EXTI0_IRQHandler
                0x00000000080015dc                I2C2_EV_IRQHandler
                0x00000000080015dc                ADC1_2_IRQHandler
                0x00000000080015dc                TAMPER_IRQHandler
                0x00000000080015dc                DMA1_Channel4_IRQHandler
                0x00000000080015dc                USART3_IRQHandler
                0x00000000080015dc                RTC_IRQHandler
                0x00000000080015dc                DMA1_Channel7_IRQHandler
                0x00000000080015dc                CAN1_RX1_IRQHandler
                0x00000000080015dc                TIM4_IRQHandler
                0x00000000080015dc                I2C1_EV_IRQHandler
                0x00000000080015dc                DMA1_Channel6_IRQHandler
                0x00000000080015dc                TIM3_IRQHandler
                0x00000000080015dc                RCC_IRQHandler
                0x00000000080015dc                TIM1_TRG_COM_IRQHandler
                0x00000000080015dc                DMA1_Channel1_IRQHandler
                0x00000000080015dc                Default_Handler
                0x00000000080015dc                EXTI15_10_IRQHandler
                0x00000000080015dc                EXTI9_5_IRQHandler
                0x00000000080015dc                SPI2_IRQHandler
                0x00000000080015dc                DMA1_Channel5_IRQHandler
                0x00000000080015dc                EXTI4_IRQHandler
                0x00000000080015dc                DMA1_Channel3_IRQHandler
                0x00000000080015dc                TIM1_UP_IRQHandler
                0x00000000080015dc                WWDG_IRQHandler
                0x00000000080015dc                TIM2_IRQHandler
                0x00000000080015dc                TIM1_BRK_IRQHandler
                0x00000000080015dc                EXTI1_IRQHandler
                0x00000000080015dc                USART2_IRQHandler
                0x00000000080015dc                I2C2_ER_IRQHandler
                0x00000000080015dc                DMA1_Channel2_IRQHandler
                0x00000000080015dc                CAN1_SCE_IRQHandler
                0x00000000080015dc                FLASH_IRQHandler
                0x00000000080015dc                USART1_IRQHandler
                0x00000000080015dc                I2C1_ER_IRQHandler
                0x00000000080015dc                USBWakeUp_IRQHandler
 *fill*         0x00000000080015de        0x2 
 .text.HAL_Init
                0x00000000080015e0       0x2c ./Drivers/STM32F1xx_HAL_Driver/Src/stm32f1xx_hal.o
                0x00000000080015e0                HAL_Init
 .text.HAL_InitTick
                0x000000000800160c       0x60 ./Drivers/STM32F1xx_HAL_Driver/Src/stm32f1xx_hal.o
                0x000000000800160c                HAL_InitTick
 .text.HAL_IncTick
                0x000000000800166c       0x24 ./Drivers/STM32F1xx_HAL_Driver/Src/stm32f1xx_hal.o
                0x000000000800166c                HAL_IncTick
 .text.HAL_GetTick
                0x0000000008001690       0x14 ./Drivers/STM32F1xx_HAL_Driver/Src/stm32f1xx_hal.o
                0x0000000008001690                HAL_GetTick
 .text.HAL_Delay
                0x00000000080016a4       0x48 ./Drivers/STM32F1xx_HAL_Driver/Src/stm32f1xx_hal.o
                0x00000000080016a4                HAL_Delay
 .text.__NVIC_SetPriorityGrouping
                0x00000000080016ec       0x48 ./Drivers/STM32F1xx_HAL_Driver/Src/stm32f1xx_hal_cortex.o
 .text.__NVIC_GetPriorityGrouping
                0x0000000008001734       0x1c ./Drivers/STM32F1xx_HAL_Driver/Src/stm32f1xx_hal_cortex.o
 .text.__NVIC_EnableIRQ
                0x0000000008001750       0x38 ./Drivers/STM32F1xx_HAL_Driver/Src/stm32f1xx_hal_cortex.o
 .text.__NVIC_SetPriority
                0x0000000008001788       0x54 ./Drivers/STM32F1xx_HAL_Driver/Src/stm32f1xx_hal_cortex.o
 .text.NVIC_EncodePriority
                0x00000000080017dc       0x64 ./Drivers/STM32F1xx_HAL_Driver/Src/stm32f1xx_hal_cortex.o
 .text.SysTick_Config
                0x0000000008001840       0x44 ./Drivers/STM32F1xx_HAL_Driver/Src/stm32f1xx_hal_cortex.o
 .text.HAL_NVIC_SetPriorityGrouping
                0x0000000008001884       0x16 ./Drivers/STM32F1xx_HAL_Driver/Src/stm32f1xx_hal_cortex.o
                0x0000000008001884                HAL_NVIC_SetPriorityGrouping
 .text.HAL_NVIC_SetPriority
                0x000000000800189a       0x38 ./Drivers/STM32F1xx_HAL_Driver/Src/stm32f1xx_hal_cortex.o
                0x000000000800189a                HAL_NVIC_SetPriority
 .text.HAL_NVIC_EnableIRQ
                0x00000000080018d2       0x1c ./Drivers/STM32F1xx_HAL_Driver/Src/stm32f1xx_hal_cortex.o
                0x00000000080018d2                HAL_NVIC_EnableIRQ
 .text.HAL_SYSTICK_Config
                0x00000000080018ee       0x18 ./Drivers/STM32F1xx_HAL_Driver/Src/stm32f1xx_hal_cortex.o
                0x00000000080018ee                HAL_SYSTICK_Config
 *fill*         0x0000000008001906        0x2 
 .text.HAL_DMA_Abort_IT
                0x0000000008001908       0xec ./Drivers/STM32F1xx_HAL_Driver/Src/stm32f1xx_hal_dma.o
                0x0000000008001908                HAL_DMA_Abort_IT
 .text.HAL_GPIO_Init
                0x00000000080019f4      0x308 ./Drivers/STM32F1xx_HAL_Driver/Src/stm32f1xx_hal_gpio.o
                0x00000000080019f4                HAL_GPIO_Init
 .text.HAL_GPIO_WritePin
                0x0000000008001cfc       0x30 ./Drivers/STM32F1xx_HAL_Driver/Src/stm32f1xx_hal_gpio.o
                0x0000000008001cfc                HAL_GPIO_WritePin
 .text.HAL_GPIO_TogglePin
                0x0000000008001d2c       0x32 ./Drivers/STM32F1xx_HAL_Driver/Src/stm32f1xx_hal_gpio.o
                0x0000000008001d2c                HAL_GPIO_TogglePin
 .text.HAL_PCD_Init
                0x0000000008001d5e      0x216 ./Drivers/STM32F1xx_HAL_Driver/Src/stm32f1xx_hal_pcd.o
                0x0000000008001d5e                HAL_PCD_Init
 .text.HAL_PCD_Start
                0x0000000008001f74       0x4c ./Drivers/STM32F1xx_HAL_Driver/Src/stm32f1xx_hal_pcd.o
                0x0000000008001f74                HAL_PCD_Start
 .text.HAL_PCD_IRQHandler
                0x0000000008001fc0      0x2a6 ./Drivers/STM32F1xx_HAL_Driver/Src/stm32f1xx_hal_pcd.o
                0x0000000008001fc0                HAL_PCD_IRQHandler
 .text.HAL_PCD_SetAddress
                0x0000000008002266       0x4a ./Drivers/STM32F1xx_HAL_Driver/Src/stm32f1xx_hal_pcd.o
                0x0000000008002266                HAL_PCD_SetAddress
 .text.HAL_PCD_EP_Open
                0x00000000080022b0       0xcc ./Drivers/STM32F1xx_HAL_Driver/Src/stm32f1xx_hal_pcd.o
                0x00000000080022b0                HAL_PCD_EP_Open
 .text.HAL_PCD_EP_Close
                0x000000000800237c       0x90 ./Drivers/STM32F1xx_HAL_Driver/Src/stm32f1xx_hal_pcd.o
                0x000000000800237c                HAL_PCD_EP_Close
 .text.HAL_PCD_EP_Receive
                0x000000000800240c       0x7a ./Drivers/STM32F1xx_HAL_Driver/Src/stm32f1xx_hal_pcd.o
                0x000000000800240c                HAL_PCD_EP_Receive
 .text.HAL_PCD_EP_GetRxCount
                0x0000000008002486       0x2e ./Drivers/STM32F1xx_HAL_Driver/Src/stm32f1xx_hal_pcd.o
                0x0000000008002486                HAL_PCD_EP_GetRxCount
 .text.HAL_PCD_EP_Transmit
                0x00000000080024b4       0x86 ./Drivers/STM32F1xx_HAL_Driver/Src/stm32f1xx_hal_pcd.o
                0x00000000080024b4                HAL_PCD_EP_Transmit
 .text.HAL_PCD_EP_SetStall
                0x000000000800253a       0xc0 ./Drivers/STM32F1xx_HAL_Driver/Src/stm32f1xx_hal_pcd.o
                0x000000000800253a                HAL_PCD_EP_SetStall
 .text.HAL_PCD_EP_ClrStall
                0x00000000080025fa       0xa8 ./Drivers/STM32F1xx_HAL_Driver/Src/stm32f1xx_hal_pcd.o
                0x00000000080025fa                HAL_PCD_EP_ClrStall
 .text.HAL_PCD_EP_Flush
                0x00000000080026a2       0x5a ./Drivers/STM32F1xx_HAL_Driver/Src/stm32f1xx_hal_pcd.o
                0x00000000080026a2                HAL_PCD_EP_Flush
 .text.PCD_EP_ISR_Handler
                0x00000000080026fc      0x600 ./Drivers/STM32F1xx_HAL_Driver/Src/stm32f1xx_hal_pcd.o
 .text.HAL_PCD_EP_DB_Receive
                0x0000000008002cfc      0x21a ./Drivers/STM32F1xx_HAL_Driver/Src/stm32f1xx_hal_pcd.o
 .text.HAL_PCD_EP_DB_Transmit
                0x0000000008002f16      0x7a4 ./Drivers/STM32F1xx_HAL_Driver/Src/stm32f1xx_hal_pcd.o
 .text.HAL_PCDEx_PMAConfig
                0x00000000080036ba       0x84 ./Drivers/STM32F1xx_HAL_Driver/Src/stm32f1xx_hal_pcd_ex.o
                0x00000000080036ba                HAL_PCDEx_PMAConfig
 *fill*         0x000000000800373e        0x2 
 .text.HAL_RCC_OscConfig
                0x0000000008003740      0x504 ./Drivers/STM32F1xx_HAL_Driver/Src/stm32f1xx_hal_rcc.o
                0x0000000008003740                HAL_RCC_OscConfig
 .text.HAL_RCC_ClockConfig
                0x0000000008003c44      0x1d4 ./Drivers/STM32F1xx_HAL_Driver/Src/stm32f1xx_hal_rcc.o
                0x0000000008003c44                HAL_RCC_ClockConfig
 .text.HAL_RCC_GetSysClockFreq
                0x0000000008003e18       0xbc ./Drivers/STM32F1xx_HAL_Driver/Src/stm32f1xx_hal_rcc.o
                0x0000000008003e18                HAL_RCC_GetSysClockFreq
 .text.RCC_Delay
                0x0000000008003ed4       0x3c ./Drivers/STM32F1xx_HAL_Driver/Src/stm32f1xx_hal_rcc.o
 .text.HAL_RCCEx_PeriphCLKConfig
                0x0000000008003f10      0x16c ./Drivers/STM32F1xx_HAL_Driver/Src/stm32f1xx_hal_rcc_ex.o
                0x0000000008003f10                HAL_RCCEx_PeriphCLKConfig
 .text.HAL_SPI_Init
                0x000000000800407c      0x108 ./Drivers/STM32F1xx_HAL_Driver/Src/stm32f1xx_hal_spi.o
                0x000000000800407c                HAL_SPI_Init
 .text.HAL_SPI_Transmit
                0x0000000008004184      0x278 ./Drivers/STM32F1xx_HAL_Driver/Src/stm32f1xx_hal_spi.o
                0x0000000008004184                HAL_SPI_Transmit
 .text.HAL_SPI_TransmitReceive
                0x00000000080043fc      0x344 ./Drivers/STM32F1xx_HAL_Driver/Src/stm32f1xx_hal_spi.o
                0x00000000080043fc                HAL_SPI_TransmitReceive
 .text.HAL_SPI_IRQHandler
                0x0000000008004740      0x1cc ./Drivers/STM32F1xx_HAL_Driver/Src/stm32f1xx_hal_spi.o
                0x0000000008004740                HAL_SPI_IRQHandler
 .text.HAL_SPI_ErrorCallback
                0x000000000800490c       0x12 ./Drivers/STM32F1xx_HAL_Driver/Src/stm32f1xx_hal_spi.o
                0x000000000800490c                HAL_SPI_ErrorCallback
 .text.SPI_DMAAbortOnError
                0x000000000800491e       0x28 ./Drivers/STM32F1xx_HAL_Driver/Src/stm32f1xx_hal_spi.o
 *fill*         0x0000000008004946        0x2 
 .text.SPI_WaitFlagStateUntilTimeout
                0x0000000008004948      0x110 ./Drivers/STM32F1xx_HAL_Driver/Src/stm32f1xx_hal_spi.o
 .text.SPI_EndRxTxTransaction
                0x0000000008004a58       0x3c ./Drivers/STM32F1xx_HAL_Driver/Src/stm32f1xx_hal_spi.o
 .text.USB_CoreInit
                0x0000000008004a94       0x20 ./Drivers/STM32F1xx_HAL_Driver/Src/stm32f1xx_ll_usb.o
                0x0000000008004a94                USB_CoreInit
 .text.USB_EnableGlobalInt
                0x0000000008004ab4       0x2c ./Drivers/STM32F1xx_HAL_Driver/Src/stm32f1xx_ll_usb.o
                0x0000000008004ab4                USB_EnableGlobalInt
 .text.USB_DisableGlobalInt
                0x0000000008004ae0       0x34 ./Drivers/STM32F1xx_HAL_Driver/Src/stm32f1xx_ll_usb.o
                0x0000000008004ae0                USB_DisableGlobalInt
 .text.USB_SetCurrentMode
                0x0000000008004b14       0x18 ./Drivers/STM32F1xx_HAL_Driver/Src/stm32f1xx_ll_usb.o
                0x0000000008004b14                USB_SetCurrentMode
 .text.USB_DevInit
                0x0000000008004b2c       0x40 ./Drivers/STM32F1xx_HAL_Driver/Src/stm32f1xx_ll_usb.o
                0x0000000008004b2c                USB_DevInit
 .text.USB_FlushTxFifo
                0x0000000008004b6c       0x16 ./Drivers/STM32F1xx_HAL_Driver/Src/stm32f1xx_ll_usb.o
                0x0000000008004b6c                USB_FlushTxFifo
 .text.USB_FlushRxFifo
                0x0000000008004b82       0x14 ./Drivers/STM32F1xx_HAL_Driver/Src/stm32f1xx_ll_usb.o
                0x0000000008004b82                USB_FlushRxFifo
 *fill*         0x0000000008004b96        0x2 
 .text.USB_ActivateEndpoint
                0x0000000008004b98      0x6d4 ./Drivers/STM32F1xx_HAL_Driver/Src/stm32f1xx_ll_usb.o
                0x0000000008004b98                USB_ActivateEndpoint
 .text.USB_DeactivateEndpoint
                0x000000000800526c      0x3d8 ./Drivers/STM32F1xx_HAL_Driver/Src/stm32f1xx_ll_usb.o
                0x000000000800526c                USB_DeactivateEndpoint
 .text.USB_EPStartXfer
                0x0000000008005644     0x1c70 ./Drivers/STM32F1xx_HAL_Driver/Src/stm32f1xx_ll_usb.o
                0x0000000008005644                USB_EPStartXfer
 .text.USB_EPSetStall
                0x00000000080072b4       0xa0 ./Drivers/STM32F1xx_HAL_Driver/Src/stm32f1xx_ll_usb.o
                0x00000000080072b4                USB_EPSetStall
 .text.USB_EPClearStall
                0x0000000008007354      0x15a ./Drivers/STM32F1xx_HAL_Driver/Src/stm32f1xx_ll_usb.o
                0x0000000008007354                USB_EPClearStall
 .text.USB_SetDevAddress
                0x00000000080074ae       0x26 ./Drivers/STM32F1xx_HAL_Driver/Src/stm32f1xx_ll_usb.o
                0x00000000080074ae                USB_SetDevAddress
 .text.USB_DevConnect
                0x00000000080074d4       0x14 ./Drivers/STM32F1xx_HAL_Driver/Src/stm32f1xx_ll_usb.o
                0x00000000080074d4                USB_DevConnect
 .text.USB_DevDisconnect
                0x00000000080074e8       0x14 ./Drivers/STM32F1xx_HAL_Driver/Src/stm32f1xx_ll_usb.o
                0x00000000080074e8                USB_DevDisconnect
 .text.USB_ReadInterrupts
                0x00000000080074fc       0x1e ./Drivers/STM32F1xx_HAL_Driver/Src/stm32f1xx_ll_usb.o
                0x00000000080074fc                USB_ReadInterrupts
 .text.USB_EP0_OutStart
                0x000000000800751a       0x16 ./Drivers/STM32F1xx_HAL_Driver/Src/stm32f1xx_ll_usb.o
                0x000000000800751a                USB_EP0_OutStart
 .text.USB_WritePMA
                0x0000000008007530       0x8a ./Drivers/STM32F1xx_HAL_Driver/Src/stm32f1xx_ll_usb.o
                0x0000000008007530                USB_WritePMA
 .text.USB_ReadPMA
                0x00000000080075ba       0x9e ./Drivers/STM32F1xx_HAL_Driver/Src/stm32f1xx_ll_usb.o
                0x00000000080075ba                USB_ReadPMA
 .text.MX_FATFS_Init
                0x0000000008007658       0x24 ./FATFS/App/fatfs.o
                0x0000000008007658                MX_FATFS_Init
 .text.get_fattime
                0x000000000800767c        0xe ./FATFS/App/fatfs.o
                0x000000000800767c                get_fattime
 .text.USER_initialize
                0x000000000800768a       0x1e ./FATFS/Target/user_diskio.o
                0x000000000800768a                USER_initialize
 .text.USER_status
                0x00000000080076a8       0x1e ./FATFS/Target/user_diskio.o
                0x00000000080076a8                USER_status
 .text.USER_read
                0x00000000080076c6       0x28 ./FATFS/Target/user_diskio.o
                0x00000000080076c6                USER_read
 .text.USER_write
                0x00000000080076ee       0x28 ./FATFS/Target/user_diskio.o
                0x00000000080076ee                USER_write
 .text.USER_ioctl
                0x0000000008007716       0x28 ./FATFS/Target/user_diskio.o
                0x0000000008007716                USER_ioctl
 .text.USBD_MSC_Init
                0x000000000800773e       0x94 ./Middlewares/ST/STM32_USB_Device_Library/Class/MSC/Src/usbd_msc.o
                0x000000000800773e                USBD_MSC_Init
 .text.USBD_MSC_DeInit
                0x00000000080077d2       0x58 ./Middlewares/ST/STM32_USB_Device_Library/Class/MSC/Src/usbd_msc.o
                0x00000000080077d2                USBD_MSC_DeInit
 *fill*         0x000000000800782a        0x2 
 .text.USBD_MSC_Setup
                0x000000000800782c      0x26c ./Middlewares/ST/STM32_USB_Device_Library/Class/MSC/Src/usbd_msc.o
                0x000000000800782c                USBD_MSC_Setup
 .text.USBD_MSC_DataIn
                0x0000000008007a98       0x20 ./Middlewares/ST/STM32_USB_Device_Library/Class/MSC/Src/usbd_msc.o
                0x0000000008007a98                USBD_MSC_DataIn
 .text.USBD_MSC_DataOut
                0x0000000008007ab8       0x20 ./Middlewares/ST/STM32_USB_Device_Library/Class/MSC/Src/usbd_msc.o
                0x0000000008007ab8                USBD_MSC_DataOut
 .text.USBD_MSC_GetHSCfgDesc
                0x0000000008007ad8       0x20 ./Middlewares/ST/STM32_USB_Device_Library/Class/MSC/Src/usbd_msc.o
                0x0000000008007ad8                USBD_MSC_GetHSCfgDesc
 .text.USBD_MSC_GetFSCfgDesc
                0x0000000008007af8       0x20 ./Middlewares/ST/STM32_USB_Device_Library/Class/MSC/Src/usbd_msc.o
                0x0000000008007af8                USBD_MSC_GetFSCfgDesc
 .text.USBD_MSC_GetOtherSpeedCfgDesc
                0x0000000008007b18       0x20 ./Middlewares/ST/STM32_USB_Device_Library/Class/MSC/Src/usbd_msc.o
                0x0000000008007b18                USBD_MSC_GetOtherSpeedCfgDesc
 .text.USBD_MSC_GetDeviceQualifierDescriptor
                0x0000000008007b38       0x20 ./Middlewares/ST/STM32_USB_Device_Library/Class/MSC/Src/usbd_msc.o
                0x0000000008007b38                USBD_MSC_GetDeviceQualifierDescriptor
 .text.USBD_MSC_RegisterStorage
                0x0000000008007b58       0x24 ./Middlewares/ST/STM32_USB_Device_Library/Class/MSC/Src/usbd_msc.o
                0x0000000008007b58                USBD_MSC_RegisterStorage
 .text.MSC_BOT_Init
                0x0000000008007b7c       0x60 ./Middlewares/ST/STM32_USB_Device_Library/Class/MSC/Src/usbd_msc_bot.o
                0x0000000008007b7c                MSC_BOT_Init
 .text.MSC_BOT_Reset
                0x0000000008007bdc       0x34 ./Middlewares/ST/STM32_USB_Device_Library/Class/MSC/Src/usbd_msc_bot.o
                0x0000000008007bdc                MSC_BOT_Reset
 .text.MSC_BOT_DeInit
                0x0000000008007c10       0x20 ./Middlewares/ST/STM32_USB_Device_Library/Class/MSC/Src/usbd_msc_bot.o
                0x0000000008007c10                MSC_BOT_DeInit
 .text.MSC_BOT_DataIn
                0x0000000008007c30       0x64 ./Middlewares/ST/STM32_USB_Device_Library/Class/MSC/Src/usbd_msc_bot.o
                0x0000000008007c30                MSC_BOT_DataIn
 .text.MSC_BOT_DataOut
                0x0000000008007c94       0x56 ./Middlewares/ST/STM32_USB_Device_Library/Class/MSC/Src/usbd_msc_bot.o
                0x0000000008007c94                MSC_BOT_DataOut
 *fill*         0x0000000008007cea        0x2 
 .text.MSC_BOT_CBW_Decode
                0x0000000008007cec      0x10c ./Middlewares/ST/STM32_USB_Device_Library/Class/MSC/Src/usbd_msc_bot.o
 .text.MSC_BOT_SendData
                0x0000000008007df8       0x62 ./Middlewares/ST/STM32_USB_Device_Library/Class/MSC/Src/usbd_msc_bot.o
 *fill*         0x0000000008007e5a        0x2 
 .text.MSC_BOT_SendCSW
                0x0000000008007e5c       0x58 ./Middlewares/ST/STM32_USB_Device_Library/Class/MSC/Src/usbd_msc_bot.o
                0x0000000008007e5c                MSC_BOT_SendCSW
 .text.MSC_BOT_Abort
                0x0000000008007eb4       0x5c ./Middlewares/ST/STM32_USB_Device_Library/Class/MSC/Src/usbd_msc_bot.o
 .text.MSC_BOT_CplClrFeature
                0x0000000008007f10       0x4e ./Middlewares/ST/STM32_USB_Device_Library/Class/MSC/Src/usbd_msc_bot.o
                0x0000000008007f10                MSC_BOT_CplClrFeature
 *fill*         0x0000000008007f5e        0x2 
 .text.SCSI_ProcessCmd
                0x0000000008007f60      0x250 ./Middlewares/ST/STM32_USB_Device_Library/Class/MSC/Src/usbd_msc_scsi.o
                0x0000000008007f60                SCSI_ProcessCmd
 .text.SCSI_TestUnitReady
                0x00000000080081b0       0x72 ./Middlewares/ST/STM32_USB_Device_Library/Class/MSC/Src/usbd_msc_scsi.o
 *fill*         0x0000000008008222        0x2 
 .text.SCSI_Inquiry
                0x0000000008008224       0xbc ./Middlewares/ST/STM32_USB_Device_Library/Class/MSC/Src/usbd_msc_scsi.o
 .text.SCSI_ReadCapacity10
                0x00000000080082e0       0xce ./Middlewares/ST/STM32_USB_Device_Library/Class/MSC/Src/usbd_msc_scsi.o
 .text.SCSI_ReadFormatCapacity
                0x00000000080083ae       0xc8 ./Middlewares/ST/STM32_USB_Device_Library/Class/MSC/Src/usbd_msc_scsi.o
 *fill*         0x0000000008008476        0x2 
 .text.SCSI_ModeSense6
                0x0000000008008478       0x50 ./Middlewares/ST/STM32_USB_Device_Library/Class/MSC/Src/usbd_msc_scsi.o
 .text.SCSI_ModeSense10
                0x00000000080084c8       0x50 ./Middlewares/ST/STM32_USB_Device_Library/Class/MSC/Src/usbd_msc_scsi.o
 .text.SCSI_RequestSense
                0x0000000008008518       0xd4 ./Middlewares/ST/STM32_USB_Device_Library/Class/MSC/Src/usbd_msc_scsi.o
 .text.SCSI_SenseCode
                0x00000000080085ec       0x72 ./Middlewares/ST/STM32_USB_Device_Library/Class/MSC/Src/usbd_msc_scsi.o
                0x00000000080085ec                SCSI_SenseCode
 .text.SCSI_StartStopUnit
                0x000000000800865e       0x28 ./Middlewares/ST/STM32_USB_Device_Library/Class/MSC/Src/usbd_msc_scsi.o
 .text.SCSI_Read10
                0x0000000008008686      0x118 ./Middlewares/ST/STM32_USB_Device_Library/Class/MSC/Src/usbd_msc_scsi.o
 .text.SCSI_Write10
                0x000000000800879e      0x160 ./Middlewares/ST/STM32_USB_Device_Library/Class/MSC/Src/usbd_msc_scsi.o
 .text.SCSI_Verify10
                0x00000000080088fe       0x66 ./Middlewares/ST/STM32_USB_Device_Library/Class/MSC/Src/usbd_msc_scsi.o
 .text.SCSI_CheckAddressRange
                0x0000000008008964       0x44 ./Middlewares/ST/STM32_USB_Device_Library/Class/MSC/Src/usbd_msc_scsi.o
 .text.SCSI_ProcessRead
                0x00000000080089a8       0xe8 ./Middlewares/ST/STM32_USB_Device_Library/Class/MSC/Src/usbd_msc_scsi.o
 .text.SCSI_ProcessWrite
                0x0000000008008a90      0x108 ./Middlewares/ST/STM32_USB_Device_Library/Class/MSC/Src/usbd_msc_scsi.o
 .text.USBD_Init
                0x0000000008008b98       0x56 ./Middlewares/ST/STM32_USB_Device_Library/Core/Src/usbd_core.o
                0x0000000008008b98                USBD_Init
 .text.USBD_RegisterClass
                0x0000000008008bee       0x32 ./Middlewares/ST/STM32_USB_Device_Library/Core/Src/usbd_core.o
                0x0000000008008bee                USBD_RegisterClass
 .text.USBD_Start
                0x0000000008008c20       0x18 ./Middlewares/ST/STM32_USB_Device_Library/Core/Src/usbd_core.o
                0x0000000008008c20                USBD_Start
 .text.USBD_RunTestMode
                0x0000000008008c38       0x14 ./Middlewares/ST/STM32_USB_Device_Library/Core/Src/usbd_core.o
                0x0000000008008c38                USBD_RunTestMode
 .text.USBD_SetClassConfig
                0x0000000008008c4c       0x3e ./Middlewares/ST/STM32_USB_Device_Library/Core/Src/usbd_core.o
                0x0000000008008c4c                USBD_SetClassConfig
 .text.USBD_ClrClassConfig
                0x0000000008008c8a       0x26 ./Middlewares/ST/STM32_USB_Device_Library/Core/Src/usbd_core.o
                0x0000000008008c8a                USBD_ClrClassConfig
 .text.USBD_LL_SetupStage
                0x0000000008008cb0       0x9a ./Middlewares/ST/STM32_USB_Device_Library/Core/Src/usbd_core.o
                0x0000000008008cb0                USBD_LL_SetupStage
 .text.USBD_LL_DataOutStage
                0x0000000008008d4a       0xe2 ./Middlewares/ST/STM32_USB_Device_Library/Core/Src/usbd_core.o
                0x0000000008008d4a                USBD_LL_DataOutStage
 .text.USBD_LL_DataInStage
                0x0000000008008e2c      0x14a ./Middlewares/ST/STM32_USB_Device_Library/Core/Src/usbd_core.o
                0x0000000008008e2c                USBD_LL_DataInStage
 .text.USBD_LL_Reset
                0x0000000008008f76       0x82 ./Middlewares/ST/STM32_USB_Device_Library/Core/Src/usbd_core.o
                0x0000000008008f76                USBD_LL_Reset
 .text.USBD_LL_SetSpeed
                0x0000000008008ff8       0x1e ./Middlewares/ST/STM32_USB_Device_Library/Core/Src/usbd_core.o
                0x0000000008008ff8                USBD_LL_SetSpeed
 .text.USBD_LL_Suspend
                0x0000000008009016       0x28 ./Middlewares/ST/STM32_USB_Device_Library/Core/Src/usbd_core.o
                0x0000000008009016                USBD_LL_Suspend
 .text.USBD_LL_Resume
                0x000000000800903e       0x2a ./Middlewares/ST/STM32_USB_Device_Library/Core/Src/usbd_core.o
                0x000000000800903e                USBD_LL_Resume
 .text.USBD_LL_SOF
                0x0000000008009068       0x34 ./Middlewares/ST/STM32_USB_Device_Library/Core/Src/usbd_core.o
                0x0000000008009068                USBD_LL_SOF
 .text.USBD_StdDevReq
                0x000000000800909c       0xd4 ./Middlewares/ST/STM32_USB_Device_Library/Core/Src/usbd_ctlreq.o
                0x000000000800909c                USBD_StdDevReq
 .text.USBD_StdItfReq
                0x0000000008009170       0x90 ./Middlewares/ST/STM32_USB_Device_Library/Core/Src/usbd_ctlreq.o
                0x0000000008009170                USBD_StdItfReq
 .text.USBD_StdEPReq
                0x0000000008009200      0x2c6 ./Middlewares/ST/STM32_USB_Device_Library/Core/Src/usbd_ctlreq.o
                0x0000000008009200                USBD_StdEPReq
 *fill*         0x00000000080094c6        0x2 
 .text.USBD_GetDescriptor
                0x00000000080094c8      0x2d0 ./Middlewares/ST/STM32_USB_Device_Library/Core/Src/usbd_ctlreq.o
 .text.USBD_SetAddress
                0x0000000008009798       0x86 ./Middlewares/ST/STM32_USB_Device_Library/Core/Src/usbd_ctlreq.o
 *fill*         0x000000000800981e        0x2 
 .text.USBD_SetConfig
                0x0000000008009820      0x11c ./Middlewares/ST/STM32_USB_Device_Library/Core/Src/usbd_ctlreq.o
 .text.USBD_GetConfig
                0x000000000800993c       0x6a ./Middlewares/ST/STM32_USB_Device_Library/Core/Src/usbd_ctlreq.o
 .text.USBD_GetStatus
                0x00000000080099a6       0x66 ./Middlewares/ST/STM32_USB_Device_Library/Core/Src/usbd_ctlreq.o
 .text.USBD_SetFeature
                0x0000000008009a0c       0x28 ./Middlewares/ST/STM32_USB_Device_Library/Core/Src/usbd_ctlreq.o
 .text.USBD_ClrFeature
                0x0000000008009a34       0x42 ./Middlewares/ST/STM32_USB_Device_Library/Core/Src/usbd_ctlreq.o
 .text.USBD_ParseSetupRequest
                0x0000000008009a76       0x78 ./Middlewares/ST/STM32_USB_Device_Library/Core/Src/usbd_ctlreq.o
                0x0000000008009a76                USBD_ParseSetupRequest
 .text.USBD_CtlError
                0x0000000008009aee       0x22 ./Middlewares/ST/STM32_USB_Device_Library/Core/Src/usbd_ctlreq.o
                0x0000000008009aee                USBD_CtlError
 .text.USBD_GetString
                0x0000000008009b10       0x84 ./Middlewares/ST/STM32_USB_Device_Library/Core/Src/usbd_ctlreq.o
                0x0000000008009b10                USBD_GetString
 .text.USBD_GetLen
                0x0000000008009b94       0x2e ./Middlewares/ST/STM32_USB_Device_Library/Core/Src/usbd_ctlreq.o
 .text.USBD_CtlSendData
                0x0000000008009bc2       0x38 ./Middlewares/ST/STM32_USB_Device_Library/Core/Src/usbd_ioreq.o
                0x0000000008009bc2                USBD_CtlSendData
 .text.USBD_CtlContinueSendData
                0x0000000008009bfa       0x24 ./Middlewares/ST/STM32_USB_Device_Library/Core/Src/usbd_ioreq.o
                0x0000000008009bfa                USBD_CtlContinueSendData
 .text.USBD_CtlContinueRx
                0x0000000008009c1e       0x24 ./Middlewares/ST/STM32_USB_Device_Library/Core/Src/usbd_ioreq.o
                0x0000000008009c1e                USBD_CtlContinueRx
 .text.USBD_CtlSendStatus
                0x0000000008009c42       0x26 ./Middlewares/ST/STM32_USB_Device_Library/Core/Src/usbd_ioreq.o
                0x0000000008009c42                USBD_CtlSendStatus
 .text.USBD_CtlReceiveStatus
                0x0000000008009c68       0x26 ./Middlewares/ST/STM32_USB_Device_Library/Core/Src/usbd_ioreq.o
                0x0000000008009c68                USBD_CtlReceiveStatus
 *fill*         0x0000000008009c8e        0x2 
 .text.disk_status
                0x0000000008009c90       0x34 ./Middlewares/Third_Party/FatFs/src/diskio.o
                0x0000000008009c90                disk_status
 .text.disk_initialize
                0x0000000008009cc4       0x4c ./Middlewares/Third_Party/FatFs/src/diskio.o
                0x0000000008009cc4                disk_initialize
 .text.disk_read
                0x0000000008009d10       0x40 ./Middlewares/Third_Party/FatFs/src/diskio.o
                0x0000000008009d10                disk_read
 .text.disk_write
                0x0000000008009d50       0x40 ./Middlewares/Third_Party/FatFs/src/diskio.o
                0x0000000008009d50                disk_write
 .text.disk_ioctl
                0x0000000008009d90       0x3c ./Middlewares/Third_Party/FatFs/src/diskio.o
                0x0000000008009d90                disk_ioctl
 .text.mem_cpy  0x0000000008009dcc       0x3c ./Middlewares/Third_Party/FatFs/src/ff.o
 .text.mem_set  0x0000000008009e08       0x34 ./Middlewares/Third_Party/FatFs/src/ff.o
 .text.mem_cmp  0x0000000008009e3c       0x4c ./Middlewares/Third_Party/FatFs/src/ff.o
 .text.chk_chr  0x0000000008009e88       0x34 ./Middlewares/Third_Party/FatFs/src/ff.o
 .text.chk_lock
                0x0000000008009ebc       0xe0 ./Middlewares/Third_Party/FatFs/src/ff.o
 .text.enq_lock
                0x0000000008009f9c       0x48 ./Middlewares/Third_Party/FatFs/src/ff.o
 .text.inc_lock
                0x0000000008009fe4      0x178 ./Middlewares/Third_Party/FatFs/src/ff.o
 .text.dec_lock
                0x000000000800a15c       0x88 ./Middlewares/Third_Party/FatFs/src/ff.o
 .text.clear_lock
                0x000000000800a1e4       0x54 ./Middlewares/Third_Party/FatFs/src/ff.o
 .text.sync_window
                0x000000000800a238       0xa4 ./Middlewares/Third_Party/FatFs/src/ff.o
 .text.move_window
                0x000000000800a2dc       0x64 ./Middlewares/Third_Party/FatFs/src/ff.o
 .text.sync_fs  0x000000000800a340      0x17e ./Middlewares/Third_Party/FatFs/src/ff.o
 .text.clust2sect
                0x000000000800a4be       0x48 ./Middlewares/Third_Party/FatFs/src/ff.o
                0x000000000800a4be                clust2sect
 .text.get_fat  0x000000000800a506      0x1f8 ./Middlewares/Third_Party/FatFs/src/ff.o
                0x000000000800a506                get_fat
 .text.put_fat  0x000000000800a6fe      0x2a6 ./Middlewares/Third_Party/FatFs/src/ff.o
                0x000000000800a6fe                put_fat
 .text.remove_chain
                0x000000000800a9a4       0xc2 ./Middlewares/Third_Party/FatFs/src/ff.o
 .text.create_chain
                0x000000000800aa66      0x150 ./Middlewares/Third_Party/FatFs/src/ff.o
 .text.clmt_clust
                0x000000000800abb6       0x80 ./Middlewares/Third_Party/FatFs/src/ff.o
 .text.dir_sdi  0x000000000800ac36      0x19c ./Middlewares/Third_Party/FatFs/src/ff.o
 .text.dir_next
                0x000000000800add2      0x294 ./Middlewares/Third_Party/FatFs/src/ff.o
 .text.dir_alloc
                0x000000000800b066       0x9c ./Middlewares/Third_Party/FatFs/src/ff.o
 .text.ld_clust
                0x000000000800b102       0x5c ./Middlewares/Third_Party/FatFs/src/ff.o
 .text.st_clust
                0x000000000800b15e       0x4c ./Middlewares/Third_Party/FatFs/src/ff.o
 *fill*         0x000000000800b1aa        0x2 
 .text.cmp_lfn  0x000000000800b1ac       0xdc ./Middlewares/Third_Party/FatFs/src/ff.o
 .text.fit_lfn  0x000000000800b288       0xe8 ./Middlewares/Third_Party/FatFs/src/ff.o
 .text.gen_numname
                0x000000000800b370      0x11c ./Middlewares/Third_Party/FatFs/src/ff.o
 .text.sum_sfn  0x000000000800b48c       0x40 ./Middlewares/Third_Party/FatFs/src/ff.o
 .text.dir_find
                0x000000000800b4cc      0x198 ./Middlewares/Third_Party/FatFs/src/ff.o
 .text.dir_register
                0x000000000800b664      0x248 ./Middlewares/Third_Party/FatFs/src/ff.o
 .text.create_name
                0x000000000800b8ac      0x37c ./Middlewares/Third_Party/FatFs/src/ff.o
 .text.follow_path
                0x000000000800bc28       0xec ./Middlewares/Third_Party/FatFs/src/ff.o
 .text.get_ldnumber
                0x000000000800bd14       0x86 ./Middlewares/Third_Party/FatFs/src/ff.o
 *fill*         0x000000000800bd9a        0x2 
 .text.check_fs
                0x000000000800bd9c       0xdc ./Middlewares/Third_Party/FatFs/src/ff.o
 .text.find_volume
                0x000000000800be78      0x664 ./Middlewares/Third_Party/FatFs/src/ff.o
 .text.validate
                0x000000000800c4dc       0x76 ./Middlewares/Third_Party/FatFs/src/ff.o
 *fill*         0x000000000800c552        0x2 
 .text.f_mount  0x000000000800c554       0x94 ./Middlewares/Third_Party/FatFs/src/ff.o
                0x000000000800c554                f_mount
 .text.f_open   0x000000000800c5e8      0x630 ./Middlewares/Third_Party/FatFs/src/ff.o
                0x000000000800c5e8                f_open
 .text.f_write  0x000000000800cc18      0x472 ./Middlewares/Third_Party/FatFs/src/ff.o
                0x000000000800cc18                f_write
 .text.f_sync   0x000000000800d08a      0x19c ./Middlewares/Third_Party/FatFs/src/ff.o
                0x000000000800d08a                f_sync
 .text.f_close  0x000000000800d226       0x56 ./Middlewares/Third_Party/FatFs/src/ff.o
                0x000000000800d226                f_close
 .text.f_lseek  0x000000000800d27c      0x5e2 ./Middlewares/Third_Party/FatFs/src/ff.o
                0x000000000800d27c                f_lseek
 .text.f_getfree
                0x000000000800d85e      0x1b4 ./Middlewares/Third_Party/FatFs/src/ff.o
                0x000000000800d85e                f_getfree
 .text.putc_bfd
                0x000000000800da12       0x7a ./Middlewares/Third_Party/FatFs/src/ff.o
 .text.f_puts   0x000000000800da8c       0x72 ./Middlewares/Third_Party/FatFs/src/ff.o
                0x000000000800da8c                f_puts
 *fill*         0x000000000800dafe        0x2 
 .text.FATFS_LinkDriverEx
                0x000000000800db00       0x94 ./Middlewares/Third_Party/FatFs/src/ff_gen_drv.o
                0x000000000800db00                FATFS_LinkDriverEx
 .text.FATFS_LinkDriver
                0x000000000800db94       0x1e ./Middlewares/Third_Party/FatFs/src/ff_gen_drv.o
                0x000000000800db94                FATFS_LinkDriver
 *fill*         0x000000000800dbb2        0x2 
 .text.ff_convert
                0x000000000800dbb4       0x74 ./Middlewares/Third_Party/FatFs/src/option/ccsbcs.o
                0x000000000800dbb4                ff_convert
 .text.ff_wtoupper
                0x000000000800dc28       0x5c ./Middlewares/Third_Party/FatFs/src/option/ccsbcs.o
                0x000000000800dc28                ff_wtoupper
 .text.MX_USB_DEVICE_Init
                0x000000000800dc84       0x60 ./USB_DEVICE/App/usb_device.o
                0x000000000800dc84                MX_USB_DEVICE_Init
 .text.USBD_FS_DeviceDescriptor
                0x000000000800dce4       0x24 ./USB_DEVICE/App/usbd_desc.o
                0x000000000800dce4                USBD_FS_DeviceDescriptor
 .text.USBD_FS_LangIDStrDescriptor
                0x000000000800dd08       0x24 ./USB_DEVICE/App/usbd_desc.o
                0x000000000800dd08                USBD_FS_LangIDStrDescriptor
 .text.USBD_FS_ProductStrDescriptor
                0x000000000800dd2c       0x3c ./USB_DEVICE/App/usbd_desc.o
                0x000000000800dd2c                USBD_FS_ProductStrDescriptor
 .text.USBD_FS_ManufacturerStrDescriptor
                0x000000000800dd68       0x28 ./USB_DEVICE/App/usbd_desc.o
                0x000000000800dd68                USBD_FS_ManufacturerStrDescriptor
 .text.USBD_FS_SerialStrDescriptor
                0x000000000800dd90       0x24 ./USB_DEVICE/App/usbd_desc.o
                0x000000000800dd90                USBD_FS_SerialStrDescriptor
 .text.USBD_FS_ConfigStrDescriptor
                0x000000000800ddb4       0x3c ./USB_DEVICE/App/usbd_desc.o
                0x000000000800ddb4                USBD_FS_ConfigStrDescriptor
 .text.USBD_FS_InterfaceStrDescriptor
                0x000000000800ddf0       0x3c ./USB_DEVICE/App/usbd_desc.o
                0x000000000800ddf0                USBD_FS_InterfaceStrDescriptor
 .text.Get_SerialNum
                0x000000000800de2c       0x58 ./USB_DEVICE/App/usbd_desc.o
 .text.IntToUnicode
                0x000000000800de84       0x7c ./USB_DEVICE/App/usbd_desc.o
 .text.STORAGE_Init_FS
                0x000000000800df00       0x16 ./USB_DEVICE/App/usbd_storage_if.o
 *fill*         0x000000000800df16        0x2 
 .text.STORAGE_GetCapacity_FS
                0x000000000800df18       0x2c ./USB_DEVICE/App/usbd_storage_if.o
 .text.STORAGE_IsReady_FS
                0x000000000800df44       0x16 ./USB_DEVICE/App/usbd_storage_if.o
 .text.STORAGE_IsWriteProtected_FS
                0x000000000800df5a       0x16 ./USB_DEVICE/App/usbd_storage_if.o
 .text.STORAGE_Read_FS
                0x000000000800df70       0x20 ./USB_DEVICE/App/usbd_storage_if.o
 .text.STORAGE_Write_FS
                0x000000000800df90       0x20 ./USB_DEVICE/App/usbd_storage_if.o
 .text.STORAGE_GetMaxLun_FS
                0x000000000800dfb0        0xe ./USB_DEVICE/App/usbd_storage_if.o
 *fill*         0x000000000800dfbe        0x2 
 .text.HAL_PCD_MspInit
                0x000000000800dfc0       0x5c ./USB_DEVICE/Target/usbd_conf.o
                0x000000000800dfc0                HAL_PCD_MspInit
 .text.HAL_PCD_SetupStageCallback
                0x000000000800e01c       0x24 ./USB_DEVICE/Target/usbd_conf.o
                0x000000000800e01c                HAL_PCD_SetupStageCallback
 .text.HAL_PCD_DataOutStageCallback
                0x000000000800e040       0x36 ./USB_DEVICE/Target/usbd_conf.o
                0x000000000800e040                HAL_PCD_DataOutStageCallback
 .text.HAL_PCD_DataInStageCallback
                0x000000000800e076       0x34 ./USB_DEVICE/Target/usbd_conf.o
                0x000000000800e076                HAL_PCD_DataInStageCallback
 .text.HAL_PCD_SOFCallback
                0x000000000800e0aa       0x1c ./USB_DEVICE/Target/usbd_conf.o
                0x000000000800e0aa                HAL_PCD_SOFCallback
 .text.HAL_PCD_ResetCallback
                0x000000000800e0c6       0x3c ./USB_DEVICE/Target/usbd_conf.o
                0x000000000800e0c6                HAL_PCD_ResetCallback
 *fill*         0x000000000800e102        0x2 
 .text.HAL_PCD_SuspendCallback
                0x000000000800e104       0x34 ./USB_DEVICE/Target/usbd_conf.o
                0x000000000800e104                HAL_PCD_SuspendCallback
 .text.HAL_PCD_ResumeCallback
                0x000000000800e138       0x1c ./USB_DEVICE/Target/usbd_conf.o
                0x000000000800e138                HAL_PCD_ResumeCallback
 .text.USBD_LL_Init
                0x000000000800e154       0xa0 ./USB_DEVICE/Target/usbd_conf.o
                0x000000000800e154                USBD_LL_Init
 .text.USBD_LL_Start
                0x000000000800e1f4       0x36 ./USB_DEVICE/Target/usbd_conf.o
                0x000000000800e1f4                USBD_LL_Start
 .text.USBD_LL_OpenEP
                0x000000000800e22a       0x4c ./USB_DEVICE/Target/usbd_conf.o
                0x000000000800e22a                USBD_LL_OpenEP
 .text.USBD_LL_CloseEP
                0x000000000800e276       0x3e ./USB_DEVICE/Target/usbd_conf.o
                0x000000000800e276                USBD_LL_CloseEP
 .text.USBD_LL_FlushEP
                0x000000000800e2b4       0x3e ./USB_DEVICE/Target/usbd_conf.o
                0x000000000800e2b4                USBD_LL_FlushEP
 .text.USBD_LL_StallEP
                0x000000000800e2f2       0x3e ./USB_DEVICE/Target/usbd_conf.o
                0x000000000800e2f2                USBD_LL_StallEP
 .text.USBD_LL_ClearStallEP
                0x000000000800e330       0x3e ./USB_DEVICE/Target/usbd_conf.o
                0x000000000800e330                USBD_LL_ClearStallEP
 .text.USBD_LL_IsStallEP
                0x000000000800e36e       0x58 ./USB_DEVICE/Target/usbd_conf.o
                0x000000000800e36e                USBD_LL_IsStallEP
 .text.USBD_LL_SetUSBAddress
                0x000000000800e3c6       0x3e ./USB_DEVICE/Target/usbd_conf.o
                0x000000000800e3c6                USBD_LL_SetUSBAddress
 .text.USBD_LL_Transmit
                0x000000000800e404       0x46 ./USB_DEVICE/Target/usbd_conf.o
                0x000000000800e404                USBD_LL_Transmit
 .text.USBD_LL_PrepareReceive
                0x000000000800e44a       0x46 ./USB_DEVICE/Target/usbd_conf.o
                0x000000000800e44a                USBD_LL_PrepareReceive
 .text.USBD_LL_GetRxDataSize
                0x000000000800e490       0x26 ./USB_DEVICE/Target/usbd_conf.o
                0x000000000800e490                USBD_LL_GetRxDataSize
 *fill*         0x000000000800e4b6        0x2 
 .text.USBD_static_malloc
                0x000000000800e4b8       0x18 ./USB_DEVICE/Target/usbd_conf.o
                0x000000000800e4b8                USBD_static_malloc
 .text.USBD_static_free
                0x000000000800e4d0       0x12 ./USB_DEVICE/Target/usbd_conf.o
                0x000000000800e4d0                USBD_static_free
 .text.HAL_PCDEx_SetConnectionState
                0x000000000800e4e2       0x16 ./USB_DEVICE/Target/usbd_conf.o
                0x000000000800e4e2                HAL_PCDEx_SetConnectionState
 .text.USBD_Get_USB_Status
                0x000000000800e4f8       0x58 ./USB_DEVICE/Target/usbd_conf.o
 .text.__libc_init_array
                0x000000000800e550       0x48 /opt/st/stm32cubeide_1.12.1/plugins/com.st.stm32cube.ide.mcu.externaltools.gnu-tools-for-stm32.10.3-2021.10.linux64_1.0.200.202301161003/tools/bin/../lib/gcc/arm-none-eabi/10.3.1/../../../../arm-none-eabi/lib/thumb/v7-m/nofp/libc_nano.a(lib_a-init.o)
                0x000000000800e550                __libc_init_array
 .text.memset   0x000000000800e598       0x10 /opt/st/stm32cubeide_1.12.1/plugins/com.st.stm32cube.ide.mcu.externaltools.gnu-tools-for-stm32.10.3-2021.10.linux64_1.0.200.202301161003/tools/bin/../lib/gcc/arm-none-eabi/10.3.1/../../../../arm-none-eabi/lib/thumb/v7-m/nofp/libc_nano.a(lib_a-memset.o)
                0x000000000800e598                memset
 *(.glue_7)
 .glue_7        0x000000000800e5a8        0x0 linker stubs
 *(.glue_7t)
 .glue_7t       0x000000000800e5a8        0x0 linker stubs
 *(.eh_frame)
 .eh_frame      0x000000000800e5a8        0x0 /opt/st/stm32cubeide_1.12.1/plugins/com.st.stm32cube.ide.mcu.externaltools.gnu-tools-for-stm32.10.3-2021.10.linux64_1.0.200.202301161003/tools/bin/../lib/gcc/arm-none-eabi/10.3.1/thumb/v7-m/nofp/crtbegin.o
 *(.init)
 .init          0x000000000800e5a8        0x4 /opt/st/stm32cubeide_1.12.1/plugins/com.st.stm32cube.ide.mcu.externaltools.gnu-tools-for-stm32.10.3-2021.10.linux64_1.0.200.202301161003/tools/bin/../lib/gcc/arm-none-eabi/10.3.1/thumb/v7-m/nofp/crti.o
                0x000000000800e5a8                _init
 .init          0x000000000800e5ac        0x8 /opt/st/stm32cubeide_1.12.1/plugins/com.st.stm32cube.ide.mcu.externaltools.gnu-tools-for-stm32.10.3-2021.10.linux64_1.0.200.202301161003/tools/bin/../lib/gcc/arm-none-eabi/10.3.1/thumb/v7-m/nofp/crtn.o
 *(.fini)
 .fini          0x000000000800e5b4        0x4 /opt/st/stm32cubeide_1.12.1/plugins/com.st.stm32cube.ide.mcu.externaltools.gnu-tools-for-stm32.10.3-2021.10.linux64_1.0.200.202301161003/tools/bin/../lib/gcc/arm-none-eabi/10.3.1/thumb/v7-m/nofp/crti.o
                0x000000000800e5b4                _fini
 .fini          0x000000000800e5b8        0x8 /opt/st/stm32cubeide_1.12.1/plugins/com.st.stm32cube.ide.mcu.externaltools.gnu-tools-for-stm32.10.3-2021.10.linux64_1.0.200.202301161003/tools/bin/../lib/gcc/arm-none-eabi/10.3.1/thumb/v7-m/nofp/crtn.o
                0x000000000800e5c0                . = ALIGN (0x4)
                0x000000000800e5c0                _etext = .

.vfp11_veneer   0x000000000800e5c0        0x0
 .vfp11_veneer  0x000000000800e5c0        0x0 linker stubs

.v4_bx          0x000000000800e5c0        0x0
 .v4_bx         0x000000000800e5c0        0x0 linker stubs

.iplt           0x000000000800e5c0        0x0
 .iplt          0x000000000800e5c0        0x0 /opt/st/stm32cubeide_1.12.1/plugins/com.st.stm32cube.ide.mcu.externaltools.gnu-tools-for-stm32.10.3-2021.10.linux64_1.0.200.202301161003/tools/bin/../lib/gcc/arm-none-eabi/10.3.1/thumb/v7-m/nofp/crtbegin.o

.rodata         0x000000000800e5c0      0x668
                0x000000000800e5c0                . = ALIGN (0x4)
 *(.rodata)
 .rodata        0x000000000800e5c0       0x1d ./Core/Src/main.o
 *fill*         0x000000000800e5dd        0x3 
 .rodata        0x000000000800e5e0       0x10 ./Drivers/STM32F1xx_HAL_Driver/Src/stm32f1xx_hal_rcc.o
 .rodata        0x000000000800e5f0       0x58 ./Middlewares/Third_Party/FatFs/src/ff.o
 .rodata        0x000000000800e648       0x42 ./USB_DEVICE/App/usbd_desc.o
 *(.rodata*)
 *fill*         0x000000000800e68a        0x2 
 .rodata.AHBPrescTable
                0x000000000800e68c       0x10 ./Core/Src/system_stm32f1xx.o
                0x000000000800e68c                AHBPrescTable
 .rodata.MSC_Page00_Inquiry_Data
                0x000000000800e69c        0x7 ./Middlewares/ST/STM32_USB_Device_Library/Class/MSC/Src/usbd_msc_data.o
                0x000000000800e69c                MSC_Page00_Inquiry_Data
 *fill*         0x000000000800e6a3        0x1 
 .rodata.MSC_Mode_Sense6_data
                0x000000000800e6a4        0x8 ./Middlewares/ST/STM32_USB_Device_Library/Class/MSC/Src/usbd_msc_data.o
                0x000000000800e6a4                MSC_Mode_Sense6_data
 .rodata.MSC_Mode_Sense10_data
                0x000000000800e6ac        0x8 ./Middlewares/ST/STM32_USB_Device_Library/Class/MSC/Src/usbd_msc_data.o
                0x000000000800e6ac                MSC_Mode_Sense10_data
 .rodata.ExCvt  0x000000000800e6b4       0x80 ./Middlewares/Third_Party/FatFs/src/ff.o
 .rodata.LfnOfs
                0x000000000800e734        0xd ./Middlewares/Third_Party/FatFs/src/ff.o
 *fill*         0x000000000800e741        0x3 
 .rodata.Tbl    0x000000000800e744      0x100 ./Middlewares/Third_Party/FatFs/src/option/ccsbcs.o
 .rodata.tbl_lower.1
                0x000000000800e844      0x1e0 ./Middlewares/Third_Party/FatFs/src/option/ccsbcs.o
 .rodata.tbl_upper.0
                0x000000000800ea24      0x1e0 ./Middlewares/Third_Party/FatFs/src/option/ccsbcs.o
 .rodata.STORAGE_Inquirydata_FS
                0x000000000800ec04       0x24 ./USB_DEVICE/App/usbd_storage_if.o
                0x000000000800ec04                STORAGE_Inquirydata_FS
                0x000000000800ec28                . = ALIGN (0x4)

.rel.dyn        0x000000000800ec28        0x0
 .rel.iplt      0x000000000800ec28        0x0 /opt/st/stm32cubeide_1.12.1/plugins/com.st.stm32cube.ide.mcu.externaltools.gnu-tools-for-stm32.10.3-2021.10.linux64_1.0.200.202301161003/tools/bin/../lib/gcc/arm-none-eabi/10.3.1/thumb/v7-m/nofp/crtbegin.o

.ARM.extab      0x000000000800ec28        0x0
                0x000000000800ec28                . = ALIGN (0x4)
 *(.ARM.extab* .gnu.linkonce.armextab.*)
                0x000000000800ec28                . = ALIGN (0x4)

.ARM            0x000000000800ec28        0x0
                0x000000000800ec28                . = ALIGN (0x4)
                0x000000000800ec28                __exidx_start = .
 *(.ARM.exidx*)
                0x000000000800ec28                __exidx_end = .
                0x000000000800ec28                . = ALIGN (0x4)

.preinit_array  0x000000000800ec28        0x0
                0x000000000800ec28                . = ALIGN (0x4)
                0x000000000800ec28                PROVIDE (__preinit_array_start = .)
 *(.preinit_array*)
                0x000000000800ec28                PROVIDE (__preinit_array_end = .)
                0x000000000800ec28                . = ALIGN (0x4)

.init_array     0x000000000800ec28        0x4
                0x000000000800ec28                . = ALIGN (0x4)
                0x000000000800ec28                PROVIDE (__init_array_start = .)
 *(SORT_BY_NAME(.init_array.*))
 *(.init_array*)
 .init_array    0x000000000800ec28        0x4 /opt/st/stm32cubeide_1.12.1/plugins/com.st.stm32cube.ide.mcu.externaltools.gnu-tools-for-stm32.10.3-2021.10.linux64_1.0.200.202301161003/tools/bin/../lib/gcc/arm-none-eabi/10.3.1/thumb/v7-m/nofp/crtbegin.o
                0x000000000800ec2c                PROVIDE (__init_array_end = .)
                0x000000000800ec2c                . = ALIGN (0x4)

.fini_array     0x000000000800ec2c        0x4
                0x000000000800ec2c                . = ALIGN (0x4)
                [!provide]                        PROVIDE (__fini_array_start = .)
 *(SORT_BY_NAME(.fini_array.*))
 *(.fini_array*)
 .fini_array    0x000000000800ec2c        0x4 /opt/st/stm32cubeide_1.12.1/plugins/com.st.stm32cube.ide.mcu.externaltools.gnu-tools-for-stm32.10.3-2021.10.linux64_1.0.200.202301161003/tools/bin/../lib/gcc/arm-none-eabi/10.3.1/thumb/v7-m/nofp/crtbegin.o
                [!provide]                        PROVIDE (__fini_array_end = .)
                0x000000000800ec30                . = ALIGN (0x4)
                0x000000000800ec30                _sidata = LOADADDR (.data)

.data           0x0000000020000000      0x138 load address 0x000000000800ec30
                0x0000000020000000                . = ALIGN (0x4)
                0x0000000020000000                _sdata = .
 *(.data)
 *(.data*)
 .data.Stat     0x0000000020000000        0x1 ./Core/Src/fatfs_sd.o
 *fill*         0x0000000020000001        0x3 
 .data.SystemCoreClock
                0x0000000020000004        0x4 ./Core/Src/system_stm32f1xx.o
                0x0000000020000004                SystemCoreClock
 .data.uwTickPrio
                0x0000000020000008        0x4 ./Drivers/STM32F1xx_HAL_Driver/Src/stm32f1xx_hal.o
                0x0000000020000008                uwTickPrio
 .data.uwTickFreq
                0x000000002000000c        0x1 ./Drivers/STM32F1xx_HAL_Driver/Src/stm32f1xx_hal.o
                0x000000002000000c                uwTickFreq
 *fill*         0x000000002000000d        0x3 
 .data.USER_Driver
                0x0000000020000010       0x14 ./FATFS/Target/user_diskio.o
                0x0000000020000010                USER_Driver
 .data.USBD_MSC
                0x0000000020000024       0x38 ./Middlewares/ST/STM32_USB_Device_Library/Class/MSC/Src/usbd_msc.o
                0x0000000020000024                USBD_MSC
 .data.USBD_MSC_CfgHSDesc
                0x000000002000005c       0x20 ./Middlewares/ST/STM32_USB_Device_Library/Class/MSC/Src/usbd_msc.o
                0x000000002000005c                USBD_MSC_CfgHSDesc
 .data.USBD_MSC_CfgFSDesc
                0x000000002000007c       0x20 ./Middlewares/ST/STM32_USB_Device_Library/Class/MSC/Src/usbd_msc.o
                0x000000002000007c                USBD_MSC_CfgFSDesc
 .data.USBD_MSC_OtherSpeedCfgDesc
                0x000000002000009c       0x20 ./Middlewares/ST/STM32_USB_Device_Library/Class/MSC/Src/usbd_msc.o
                0x000000002000009c                USBD_MSC_OtherSpeedCfgDesc
 .data.USBD_MSC_DeviceQualifierDesc
                0x00000000200000bc        0xa ./Middlewares/ST/STM32_USB_Device_Library/Class/MSC/Src/usbd_msc.o
                0x00000000200000bc                USBD_MSC_DeviceQualifierDesc
 *fill*         0x00000000200000c6        0x2 
 .data.FS_Desc  0x00000000200000c8       0x1c ./USB_DEVICE/App/usbd_desc.o
                0x00000000200000c8                FS_Desc
 .data.USBD_FS_DeviceDesc
                0x00000000200000e4       0x12 ./USB_DEVICE/App/usbd_desc.o
                0x00000000200000e4                USBD_FS_DeviceDesc
 *fill*         0x00000000200000f6        0x2 
 .data.USBD_LangIDDesc
                0x00000000200000f8        0x4 ./USB_DEVICE/App/usbd_desc.o
                0x00000000200000f8                USBD_LangIDDesc
 .data.USBD_StringSerial
                0x00000000200000fc       0x1a ./USB_DEVICE/App/usbd_desc.o
                0x00000000200000fc                USBD_StringSerial
 *fill*         0x0000000020000116        0x2 
 .data.USBD_Storage_Interface_fops_FS
                0x0000000020000118       0x20 ./USB_DEVICE/App/usbd_storage_if.o
                0x0000000020000118                USBD_Storage_Interface_fops_FS
 *(.RamFunc)
 *(.RamFunc*)
                0x0000000020000138                . = ALIGN (0x4)
                0x0000000020000138                _edata = .

.igot.plt       0x0000000020000138        0x0 load address 0x000000000800ed68
 .igot.plt      0x0000000020000138        0x0 /opt/st/stm32cubeide_1.12.1/plugins/com.st.stm32cube.ide.mcu.externaltools.gnu-tools-for-stm32.10.3-2021.10.linux64_1.0.200.202301161003/tools/bin/../lib/gcc/arm-none-eabi/10.3.1/thumb/v7-m/nofp/crtbegin.o
                0x0000000020000138                . = ALIGN (0x4)

.bss            0x0000000020000138     0x2d44 load address 0x000000000800ed68
                0x0000000020000138                _sbss = .
                0x0000000020000138                __bss_start__ = _sbss
 *(.bss)
 .bss           0x0000000020000138       0x1c /opt/st/stm32cubeide_1.12.1/plugins/com.st.stm32cube.ide.mcu.externaltools.gnu-tools-for-stm32.10.3-2021.10.linux64_1.0.200.202301161003/tools/bin/../lib/gcc/arm-none-eabi/10.3.1/thumb/v7-m/nofp/crtbegin.o
 *(.bss*)
 .bss.Timer1    0x0000000020000154        0x2 ./Core/Src/fatfs_sd.o
                0x0000000020000154                Timer1
 .bss.Timer2    0x0000000020000156        0x2 ./Core/Src/fatfs_sd.o
                0x0000000020000156                Timer2
 .bss.CardType  0x0000000020000158        0x1 ./Core/Src/fatfs_sd.o
 .bss.PowerFlag
                0x0000000020000159        0x1 ./Core/Src/fatfs_sd.o
 *fill*         0x000000002000015a        0x2 
 .bss.pfs       0x000000002000015c        0x4 ./Core/Src/main.o
                0x000000002000015c                pfs
 .bss.fre_clust
                0x0000000020000160        0x4 ./Core/Src/main.o
                0x0000000020000160                fre_clust
 .bss.totalSpace
                0x0000000020000164        0x4 ./Core/Src/main.o
                0x0000000020000164                totalSpace
 .bss.freeSpace
                0x0000000020000168        0x4 ./Core/Src/main.o
                0x0000000020000168                freeSpace
 .bss.hspi1     0x000000002000016c       0x58 ./Core/Src/main.o
                0x000000002000016c                hspi1
 .bss.fs        0x00000000200001c4     0x1030 ./Core/Src/main.o
                0x00000000200001c4                fs
 .bss.fil       0x00000000200011f4     0x102c ./Core/Src/main.o
                0x00000000200011f4                fil
 .bss.uwTick    0x0000000020002220        0x4 ./Drivers/STM32F1xx_HAL_Driver/Src/stm32f1xx_hal.o
                0x0000000020002220                uwTick
 .bss.retUSER   0x0000000020002224        0x1 ./FATFS/App/fatfs.o
                0x0000000020002224                retUSER
 *fill*         0x0000000020002225        0x3 
 .bss.USERPath  0x0000000020002228        0x4 ./FATFS/App/fatfs.o
                0x0000000020002228                USERPath
 .bss.cfgidx.0  0x000000002000222c        0x1 ./Middlewares/ST/STM32_USB_Device_Library/Core/Src/usbd_ctlreq.o
 *fill*         0x000000002000222d        0x3 
 .bss.FatFs     0x0000000020002230        0x4 ./Middlewares/Third_Party/FatFs/src/ff.o
 .bss.Fsid      0x0000000020002234        0x2 ./Middlewares/Third_Party/FatFs/src/ff.o
 *fill*         0x0000000020002236        0x2 
 .bss.Files     0x0000000020002238       0x18 ./Middlewares/Third_Party/FatFs/src/ff.o
 .bss.LfnBuf    0x0000000020002250      0x200 ./Middlewares/Third_Party/FatFs/src/ff.o
 .bss.disk      0x0000000020002450        0xc ./Middlewares/Third_Party/FatFs/src/ff_gen_drv.o
                0x0000000020002450                disk
 .bss.hUsbDeviceFS
                0x000000002000245c      0x2c4 ./USB_DEVICE/App/usb_device.o
                0x000000002000245c                hUsbDeviceFS
 .bss.USBD_StrDesc
                0x0000000020002720      0x200 ./USB_DEVICE/App/usbd_desc.o
                0x0000000020002720                USBD_StrDesc
 .bss.hpcd_USB_FS
                0x0000000020002920      0x2ec ./USB_DEVICE/Target/usbd_conf.o
                0x0000000020002920                hpcd_USB_FS
 .bss.mem.0     0x0000000020002c0c      0x270 ./USB_DEVICE/Target/usbd_conf.o
 *(COMMON)
                0x0000000020002e7c                . = ALIGN (0x4)
                0x0000000020002e7c                _ebss = .
                0x0000000020002e7c                __bss_end__ = _ebss

._user_heap_stack
                0x0000000020002e7c      0x604 load address 0x000000000800ed68
                0x0000000020002e80                . = ALIGN (0x8)
 *fill*         0x0000000020002e7c        0x4 
                [!provide]                        PROVIDE (end = .)
                0x0000000020002e80                PROVIDE (_end = .)
                0x0000000020003080                . = (. + _Min_Heap_Size)
 *fill*         0x0000000020002e80      0x200 
                0x0000000020003480                . = (. + _Min_Stack_Size)
 *fill*         0x0000000020003080      0x400 
                0x0000000020003480                . = ALIGN (0x8)

/DISCARD/
 libc.a(*)
 libm.a(*)
 libgcc.a(*)

.ARM.attributes
                0x0000000000000000       0x29
 *(.ARM.attributes)
 .ARM.attributes
                0x0000000000000000       0x1d /opt/st/stm32cubeide_1.12.1/plugins/com.st.stm32cube.ide.mcu.externaltools.gnu-tools-for-stm32.10.3-2021.10.linux64_1.0.200.202301161003/tools/bin/../lib/gcc/arm-none-eabi/10.3.1/thumb/v7-m/nofp/crti.o
 .ARM.attributes
                0x000000000000001d       0x2d /opt/st/stm32cubeide_1.12.1/plugins/com.st.stm32cube.ide.mcu.externaltools.gnu-tools-for-stm32.10.3-2021.10.linux64_1.0.200.202301161003/tools/bin/../lib/gcc/arm-none-eabi/10.3.1/thumb/v7-m/nofp/crtbegin.o
 .ARM.attributes
                0x000000000000004a       0x2d ./Core/Src/fatfs_sd.o
 .ARM.attributes
                0x0000000000000077       0x2d ./Core/Src/main.o
 .ARM.attributes
                0x00000000000000a4       0x2d ./Core/Src/stm32f1xx_hal_msp.o
 .ARM.attributes
                0x00000000000000d1       0x2d ./Core/Src/stm32f1xx_it.o
 .ARM.attributes
                0x00000000000000fe       0x2d ./Core/Src/system_stm32f1xx.o
 .ARM.attributes
                0x000000000000012b       0x21 ./Core/Startup/startup_stm32f103c8tx.o
 .ARM.attributes
                0x000000000000014c       0x2d ./Drivers/STM32F1xx_HAL_Driver/Src/stm32f1xx_hal.o
 .ARM.attributes
                0x0000000000000179       0x2d ./Drivers/STM32F1xx_HAL_Driver/Src/stm32f1xx_hal_cortex.o
 .ARM.attributes
                0x00000000000001a6       0x2d ./Drivers/STM32F1xx_HAL_Driver/Src/stm32f1xx_hal_dma.o
 .ARM.attributes
                0x00000000000001d3       0x2d ./Drivers/STM32F1xx_HAL_Driver/Src/stm32f1xx_hal_gpio.o
 .ARM.attributes
                0x0000000000000200       0x2d ./Drivers/STM32F1xx_HAL_Driver/Src/stm32f1xx_hal_pcd.o
 .ARM.attributes
                0x000000000000022d       0x2d ./Drivers/STM32F1xx_HAL_Driver/Src/stm32f1xx_hal_pcd_ex.o
 .ARM.attributes
                0x000000000000025a       0x2d ./Drivers/STM32F1xx_HAL_Driver/Src/stm32f1xx_hal_rcc.o
 .ARM.attributes
                0x0000000000000287       0x2d ./Drivers/STM32F1xx_HAL_Driver/Src/stm32f1xx_hal_rcc_ex.o
 .ARM.attributes
                0x00000000000002b4       0x2d ./Drivers/STM32F1xx_HAL_Driver/Src/stm32f1xx_hal_spi.o
 .ARM.attributes
                0x00000000000002e1       0x2d ./Drivers/STM32F1xx_HAL_Driver/Src/stm32f1xx_ll_usb.o
 .ARM.attributes
                0x000000000000030e       0x2d ./FATFS/App/fatfs.o
 .ARM.attributes
                0x000000000000033b       0x2d ./FATFS/Target/user_diskio.o
 .ARM.attributes
                0x0000000000000368       0x2d ./Middlewares/ST/STM32_USB_Device_Library/Class/MSC/Src/usbd_msc.o
 .ARM.attributes
                0x0000000000000395       0x2d ./Middlewares/ST/STM32_USB_Device_Library/Class/MSC/Src/usbd_msc_bot.o
 .ARM.attributes
                0x00000000000003c2       0x2d ./Middlewares/ST/STM32_USB_Device_Library/Class/MSC/Src/usbd_msc_data.o
 .ARM.attributes
                0x00000000000003ef       0x2d ./Middlewares/ST/STM32_USB_Device_Library/Class/MSC/Src/usbd_msc_scsi.o
 .ARM.attributes
                0x000000000000041c       0x2d ./Middlewares/ST/STM32_USB_Device_Library/Core/Src/usbd_core.o
 .ARM.attributes
                0x0000000000000449       0x2d ./Middlewares/ST/STM32_USB_Device_Library/Core/Src/usbd_ctlreq.o
 .ARM.attributes
                0x0000000000000476       0x2d ./Middlewares/ST/STM32_USB_Device_Library/Core/Src/usbd_ioreq.o
 .ARM.attributes
                0x00000000000004a3       0x2d ./Middlewares/Third_Party/FatFs/src/diskio.o
 .ARM.attributes
                0x00000000000004d0       0x2d ./Middlewares/Third_Party/FatFs/src/ff.o
 .ARM.attributes
                0x00000000000004fd       0x2d ./Middlewares/Third_Party/FatFs/src/ff_gen_drv.o
 .ARM.attributes
                0x000000000000052a       0x2d ./Middlewares/Third_Party/FatFs/src/option/ccsbcs.o
 .ARM.attributes
                0x0000000000000557       0x2d ./USB_DEVICE/App/usb_device.o
 .ARM.attributes
                0x0000000000000584       0x2d ./USB_DEVICE/App/usbd_desc.o
 .ARM.attributes
                0x00000000000005b1       0x2d ./USB_DEVICE/App/usbd_storage_if.o
 .ARM.attributes
                0x00000000000005de       0x2d ./USB_DEVICE/Target/usbd_conf.o
 .ARM.attributes
                0x000000000000060b       0x2d /opt/st/stm32cubeide_1.12.1/plugins/com.st.stm32cube.ide.mcu.externaltools.gnu-tools-for-stm32.10.3-2021.10.linux64_1.0.200.202301161003/tools/bin/../lib/gcc/arm-none-eabi/10.3.1/../../../../arm-none-eabi/lib/thumb/v7-m/nofp/libc_nano.a(lib_a-init.o)
 .ARM.attributes
                0x0000000000000638       0x2d /opt/st/stm32cubeide_1.12.1/plugins/com.st.stm32cube.ide.mcu.externaltools.gnu-tools-for-stm32.10.3-2021.10.linux64_1.0.200.202301161003/tools/bin/../lib/gcc/arm-none-eabi/10.3.1/../../../../arm-none-eabi/lib/thumb/v7-m/nofp/libc_nano.a(lib_a-memset.o)
 .ARM.attributes
                0x0000000000000665       0x1d /opt/st/stm32cubeide_1.12.1/plugins/com.st.stm32cube.ide.mcu.externaltools.gnu-tools-for-stm32.10.3-2021.10.linux64_1.0.200.202301161003/tools/bin/../lib/gcc/arm-none-eabi/10.3.1/thumb/v7-m/nofp/libgcc.a(_arm_muldf3.o)
 .ARM.attributes
                0x0000000000000682       0x1d /opt/st/stm32cubeide_1.12.1/plugins/com.st.stm32cube.ide.mcu.externaltools.gnu-tools-for-stm32.10.3-2021.10.linux64_1.0.200.202301161003/tools/bin/../lib/gcc/arm-none-eabi/10.3.1/thumb/v7-m/nofp/libgcc.a(_arm_addsubdf3.o)
 .ARM.attributes
                0x000000000000069f       0x1d /opt/st/stm32cubeide_1.12.1/plugins/com.st.stm32cube.ide.mcu.externaltools.gnu-tools-for-stm32.10.3-2021.10.linux64_1.0.200.202301161003/tools/bin/../lib/gcc/arm-none-eabi/10.3.1/thumb/v7-m/nofp/libgcc.a(_arm_fixunsdfsi.o)
 .ARM.attributes
                0x00000000000006bc       0x1d /opt/st/stm32cubeide_1.12.1/plugins/com.st.stm32cube.ide.mcu.externaltools.gnu-tools-for-stm32.10.3-2021.10.linux64_1.0.200.202301161003/tools/bin/../lib/gcc/arm-none-eabi/10.3.1/thumb/v7-m/nofp/crtn.o
OUTPUT(stm32f1_msc.elf elf32-littlearm)
LOAD linker stubs
LOAD /opt/st/stm32cubeide_1.12.1/plugins/com.st.stm32cube.ide.mcu.externaltools.gnu-tools-for-stm32.10.3-2021.10.linux64_1.0.200.202301161003/tools/bin/../lib/gcc/arm-none-eabi/10.3.1/../../../../arm-none-eabi/lib/thumb/v7-m/nofp/libc.a
LOAD /opt/st/stm32cubeide_1.12.1/plugins/com.st.stm32cube.ide.mcu.externaltools.gnu-tools-for-stm32.10.3-2021.10.linux64_1.0.200.202301161003/tools/bin/../lib/gcc/arm-none-eabi/10.3.1/../../../../arm-none-eabi/lib/thumb/v7-m/nofp/libm.a
LOAD /opt/st/stm32cubeide_1.12.1/plugins/com.st.stm32cube.ide.mcu.externaltools.gnu-tools-for-stm32.10.3-2021.10.linux64_1.0.200.202301161003/tools/bin/../lib/gcc/arm-none-eabi/10.3.1/thumb/v7-m/nofp/libgcc.a

.debug_info     0x0000000000000000    0x1566c
 .debug_info    0x0000000000000000      0xc50 ./Core/Src/fatfs_sd.o
 .debug_info    0x0000000000000c50     0x11dc ./Core/Src/main.o
 .debug_info    0x0000000000001e2c      0x98b ./Core/Src/stm32f1xx_hal_msp.o
 .debug_info    0x00000000000027b7      0xb3e ./Core/Src/stm32f1xx_it.o
 .debug_info    0x00000000000032f5      0x23d ./Core/Src/system_stm32f1xx.o
 .debug_info    0x0000000000003532       0x22 ./Core/Startup/startup_stm32f103c8tx.o
 .debug_info    0x0000000000003554      0x734 ./Drivers/STM32F1xx_HAL_Driver/Src/stm32f1xx_hal.o
 .debug_info    0x0000000000003c88      0xb20 ./Drivers/STM32F1xx_HAL_Driver/Src/stm32f1xx_hal_cortex.o
 .debug_info    0x00000000000047a8      0x73f ./Drivers/STM32F1xx_HAL_Driver/Src/stm32f1xx_hal_dma.o
 .debug_info    0x0000000000004ee7      0x615 ./Drivers/STM32F1xx_HAL_Driver/Src/stm32f1xx_hal_gpio.o
 .debug_info    0x00000000000054fc     0x16ab ./Drivers/STM32F1xx_HAL_Driver/Src/stm32f1xx_hal_pcd.o
 .debug_info    0x0000000000006ba7      0x728 ./Drivers/STM32F1xx_HAL_Driver/Src/stm32f1xx_hal_pcd_ex.o
 .debug_info    0x00000000000072cf      0x860 ./Drivers/STM32F1xx_HAL_Driver/Src/stm32f1xx_hal_rcc.o
 .debug_info    0x0000000000007b2f      0x3e0 ./Drivers/STM32F1xx_HAL_Driver/Src/stm32f1xx_hal_rcc_ex.o
 .debug_info    0x0000000000007f0f     0x1658 ./Drivers/STM32F1xx_HAL_Driver/Src/stm32f1xx_hal_spi.o
 .debug_info    0x0000000000009567     0x190d ./Drivers/STM32F1xx_HAL_Driver/Src/stm32f1xx_ll_usb.o
 .debug_info    0x000000000000ae74      0x52d ./FATFS/App/fatfs.o
 .debug_info    0x000000000000b3a1      0x3dc ./FATFS/Target/user_diskio.o
 .debug_info    0x000000000000b77d      0xc9f ./Middlewares/ST/STM32_USB_Device_Library/Class/MSC/Src/usbd_msc.o
 .debug_info    0x000000000000c41c      0xbfe ./Middlewares/ST/STM32_USB_Device_Library/Class/MSC/Src/usbd_msc_bot.o
 .debug_info    0x000000000000d01a      0x127 ./Middlewares/ST/STM32_USB_Device_Library/Class/MSC/Src/usbd_msc_data.o
 .debug_info    0x000000000000d141      0xf78 ./Middlewares/ST/STM32_USB_Device_Library/Class/MSC/Src/usbd_msc_scsi.o
 .debug_info    0x000000000000e0b9      0xb02 ./Middlewares/ST/STM32_USB_Device_Library/Core/Src/usbd_core.o
 .debug_info    0x000000000000ebbb      0x9b6 ./Middlewares/ST/STM32_USB_Device_Library/Core/Src/usbd_ctlreq.o
 .debug_info    0x000000000000f571      0x715 ./Middlewares/ST/STM32_USB_Device_Library/Core/Src/usbd_ioreq.o
 .debug_info    0x000000000000fc86      0x40d ./Middlewares/Third_Party/FatFs/src/diskio.o
 .debug_info    0x0000000000010093     0x2861 ./Middlewares/Third_Party/FatFs/src/ff.o
 .debug_info    0x00000000000128f4      0x3a4 ./Middlewares/Third_Party/FatFs/src/ff_gen_drv.o
 .debug_info    0x0000000000012c98      0x17d ./Middlewares/Third_Party/FatFs/src/option/ccsbcs.o
 .debug_info    0x0000000000012e15      0x6d2 ./USB_DEVICE/App/usb_device.o
 .debug_info    0x00000000000134e7      0x484 ./USB_DEVICE/App/usbd_desc.o
 .debug_info    0x000000000001396b      0x3c9 ./USB_DEVICE/App/usbd_storage_if.o
 .debug_info    0x0000000000013d34     0x1938 ./USB_DEVICE/Target/usbd_conf.o

.debug_abbrev   0x0000000000000000     0x404a
 .debug_abbrev  0x0000000000000000      0x2ec ./Core/Src/fatfs_sd.o
 .debug_abbrev  0x00000000000002ec      0x39f ./Core/Src/main.o
 .debug_abbrev  0x000000000000068b      0x1a0 ./Core/Src/stm32f1xx_hal_msp.o
 .debug_abbrev  0x000000000000082b      0x1a2 ./Core/Src/stm32f1xx_it.o
 .debug_abbrev  0x00000000000009cd      0x13b ./Core/Src/system_stm32f1xx.o
 .debug_abbrev  0x0000000000000b08       0x12 ./Core/Startup/startup_stm32f103c8tx.o
 .debug_abbrev  0x0000000000000b1a      0x1fb ./Drivers/STM32F1xx_HAL_Driver/Src/stm32f1xx_hal.o
 .debug_abbrev  0x0000000000000d15      0x2ed ./Drivers/STM32F1xx_HAL_Driver/Src/stm32f1xx_hal_cortex.o
 .debug_abbrev  0x0000000000001002      0x1fe ./Drivers/STM32F1xx_HAL_Driver/Src/stm32f1xx_hal_dma.o
 .debug_abbrev  0x0000000000001200      0x1bb ./Drivers/STM32F1xx_HAL_Driver/Src/stm32f1xx_hal_gpio.o
 .debug_abbrev  0x00000000000013bb      0x2b9 ./Drivers/STM32F1xx_HAL_Driver/Src/stm32f1xx_hal_pcd.o
 .debug_abbrev  0x0000000000001674      0x17f ./Drivers/STM32F1xx_HAL_Driver/Src/stm32f1xx_hal_pcd_ex.o
 .debug_abbrev  0x00000000000017f3      0x2a8 ./Drivers/STM32F1xx_HAL_Driver/Src/stm32f1xx_hal_rcc.o
 .debug_abbrev  0x0000000000001a9b      0x182 ./Drivers/STM32F1xx_HAL_Driver/Src/stm32f1xx_hal_rcc_ex.o
 .debug_abbrev  0x0000000000001c1d      0x26e ./Drivers/STM32F1xx_HAL_Driver/Src/stm32f1xx_hal_spi.o
 .debug_abbrev  0x0000000000001e8b      0x1cd ./Drivers/STM32F1xx_HAL_Driver/Src/stm32f1xx_ll_usb.o
 .debug_abbrev  0x0000000000002058      0x19a ./FATFS/App/fatfs.o
 .debug_abbrev  0x00000000000021f2      0x155 ./FATFS/Target/user_diskio.o
 .debug_abbrev  0x0000000000002347      0x26f ./Middlewares/ST/STM32_USB_Device_Library/Class/MSC/Src/usbd_msc.o
 .debug_abbrev  0x00000000000025b6      0x292 ./Middlewares/ST/STM32_USB_Device_Library/Class/MSC/Src/usbd_msc_bot.o
 .debug_abbrev  0x0000000000002848       0x7a ./Middlewares/ST/STM32_USB_Device_Library/Class/MSC/Src/usbd_msc_data.o
 .debug_abbrev  0x00000000000028c2      0x2ea ./Middlewares/ST/STM32_USB_Device_Library/Class/MSC/Src/usbd_msc_scsi.o
 .debug_abbrev  0x0000000000002bac      0x236 ./Middlewares/ST/STM32_USB_Device_Library/Core/Src/usbd_core.o
 .debug_abbrev  0x0000000000002de2      0x257 ./Middlewares/ST/STM32_USB_Device_Library/Core/Src/usbd_ctlreq.o
 .debug_abbrev  0x0000000000003039      0x183 ./Middlewares/ST/STM32_USB_Device_Library/Core/Src/usbd_ioreq.o
 .debug_abbrev  0x00000000000031bc      0x178 ./Middlewares/Third_Party/FatFs/src/diskio.o
 .debug_abbrev  0x0000000000003334      0x2cd ./Middlewares/Third_Party/FatFs/src/ff.o
 .debug_abbrev  0x0000000000003601      0x196 ./Middlewares/Third_Party/FatFs/src/ff_gen_drv.o
 .debug_abbrev  0x0000000000003797       0xd3 ./Middlewares/Third_Party/FatFs/src/option/ccsbcs.o
 .debug_abbrev  0x000000000000386a      0x183 ./USB_DEVICE/App/usb_device.o
 .debug_abbrev  0x00000000000039ed      0x1fa ./USB_DEVICE/App/usbd_desc.o
 .debug_abbrev  0x0000000000003be7      0x15e ./USB_DEVICE/App/usbd_storage_if.o
 .debug_abbrev  0x0000000000003d45      0x305 ./USB_DEVICE/Target/usbd_conf.o

.debug_aranges  0x0000000000000000     0x11c8
 .debug_aranges
                0x0000000000000000       0xa8 ./Core/Src/fatfs_sd.o
 .debug_aranges
                0x00000000000000a8       0x50 ./Core/Src/main.o
 .debug_aranges
                0x00000000000000f8       0x30 ./Core/Src/stm32f1xx_hal_msp.o
 .debug_aranges
                0x0000000000000128       0x78 ./Core/Src/stm32f1xx_it.o
 .debug_aranges
                0x00000000000001a0       0x28 ./Core/Src/system_stm32f1xx.o
 .debug_aranges
                0x00000000000001c8       0x28 ./Core/Startup/startup_stm32f103c8tx.o
 .debug_aranges
                0x00000000000001f0       0xe0 ./Drivers/STM32F1xx_HAL_Driver/Src/stm32f1xx_hal.o
 .debug_aranges
                0x00000000000002d0      0x100 ./Drivers/STM32F1xx_HAL_Driver/Src/stm32f1xx_hal_cortex.o
 .debug_aranges
                0x00000000000003d0       0x80 ./Drivers/STM32F1xx_HAL_Driver/Src/stm32f1xx_hal_dma.o
 .debug_aranges
                0x0000000000000450       0x58 ./Drivers/STM32F1xx_HAL_Driver/Src/stm32f1xx_hal_gpio.o
 .debug_aranges
                0x00000000000004a8      0x138 ./Drivers/STM32F1xx_HAL_Driver/Src/stm32f1xx_hal_pcd.o
 .debug_aranges
                0x00000000000005e0       0x38 ./Drivers/STM32F1xx_HAL_Driver/Src/stm32f1xx_hal_pcd_ex.o
 .debug_aranges
                0x0000000000000618       0x90 ./Drivers/STM32F1xx_HAL_Driver/Src/stm32f1xx_hal_rcc.o
 .debug_aranges
                0x00000000000006a8       0x30 ./Drivers/STM32F1xx_HAL_Driver/Src/stm32f1xx_hal_rcc_ex.o
 .debug_aranges
                0x00000000000006d8      0x1d0 ./Drivers/STM32F1xx_HAL_Driver/Src/stm32f1xx_hal_spi.o
 .debug_aranges
                0x00000000000008a8       0xf0 ./Drivers/STM32F1xx_HAL_Driver/Src/stm32f1xx_ll_usb.o
 .debug_aranges
                0x0000000000000998       0x28 ./FATFS/App/fatfs.o
 .debug_aranges
                0x00000000000009c0       0x40 ./FATFS/Target/user_diskio.o
 .debug_aranges
                0x0000000000000a00       0x68 ./Middlewares/ST/STM32_USB_Device_Library/Class/MSC/Src/usbd_msc.o
 .debug_aranges
                0x0000000000000a68       0x68 ./Middlewares/ST/STM32_USB_Device_Library/Class/MSC/Src/usbd_msc_bot.o
 .debug_aranges
                0x0000000000000ad0       0x18 ./Middlewares/ST/STM32_USB_Device_Library/Class/MSC/Src/usbd_msc_data.o
 .debug_aranges
                0x0000000000000ae8       0x98 ./Middlewares/ST/STM32_USB_Device_Library/Class/MSC/Src/usbd_msc_scsi.o
 .debug_aranges
                0x0000000000000b80       0xb8 ./Middlewares/ST/STM32_USB_Device_Library/Core/Src/usbd_core.o
 .debug_aranges
                0x0000000000000c38       0x88 ./Middlewares/ST/STM32_USB_Device_Library/Core/Src/usbd_ctlreq.o
 .debug_aranges
                0x0000000000000cc0       0x50 ./Middlewares/ST/STM32_USB_Device_Library/Core/Src/usbd_ioreq.o
 .debug_aranges
                0x0000000000000d10       0x48 ./Middlewares/Third_Party/FatFs/src/diskio.o
 .debug_aranges
                0x0000000000000d58      0x220 ./Middlewares/Third_Party/FatFs/src/ff.o
 .debug_aranges
                0x0000000000000f78       0x40 ./Middlewares/Third_Party/FatFs/src/ff_gen_drv.o
 .debug_aranges
                0x0000000000000fb8       0x28 ./Middlewares/Third_Party/FatFs/src/option/ccsbcs.o
 .debug_aranges
                0x0000000000000fe0       0x20 ./USB_DEVICE/App/usb_device.o
 .debug_aranges
                0x0000000000001000       0x60 ./USB_DEVICE/App/usbd_desc.o
 .debug_aranges
                0x0000000000001060       0x50 ./USB_DEVICE/App/usbd_storage_if.o
 .debug_aranges
                0x00000000000010b0      0x118 ./USB_DEVICE/Target/usbd_conf.o

.debug_ranges   0x0000000000000000      0xfb8
 .debug_ranges  0x0000000000000000       0x98 ./Core/Src/fatfs_sd.o
 .debug_ranges  0x0000000000000098       0x40 ./Core/Src/main.o
 .debug_ranges  0x00000000000000d8       0x20 ./Core/Src/stm32f1xx_hal_msp.o
 .debug_ranges  0x00000000000000f8       0x68 ./Core/Src/stm32f1xx_it.o
 .debug_ranges  0x0000000000000160       0x18 ./Core/Src/system_stm32f1xx.o
 .debug_ranges  0x0000000000000178       0x20 ./Core/Startup/startup_stm32f103c8tx.o
 .debug_ranges  0x0000000000000198       0xd0 ./Drivers/STM32F1xx_HAL_Driver/Src/stm32f1xx_hal.o
 .debug_ranges  0x0000000000000268       0xf0 ./Drivers/STM32F1xx_HAL_Driver/Src/stm32f1xx_hal_cortex.o
 .debug_ranges  0x0000000000000358       0x70 ./Drivers/STM32F1xx_HAL_Driver/Src/stm32f1xx_hal_dma.o
 .debug_ranges  0x00000000000003c8       0x48 ./Drivers/STM32F1xx_HAL_Driver/Src/stm32f1xx_hal_gpio.o
 .debug_ranges  0x0000000000000410      0x128 ./Drivers/STM32F1xx_HAL_Driver/Src/stm32f1xx_hal_pcd.o
 .debug_ranges  0x0000000000000538       0x28 ./Drivers/STM32F1xx_HAL_Driver/Src/stm32f1xx_hal_pcd_ex.o
 .debug_ranges  0x0000000000000560       0x80 ./Drivers/STM32F1xx_HAL_Driver/Src/stm32f1xx_hal_rcc.o
 .debug_ranges  0x00000000000005e0       0x20 ./Drivers/STM32F1xx_HAL_Driver/Src/stm32f1xx_hal_rcc_ex.o
 .debug_ranges  0x0000000000000600      0x1c0 ./Drivers/STM32F1xx_HAL_Driver/Src/stm32f1xx_hal_spi.o
 .debug_ranges  0x00000000000007c0       0xe0 ./Drivers/STM32F1xx_HAL_Driver/Src/stm32f1xx_ll_usb.o
 .debug_ranges  0x00000000000008a0       0x18 ./FATFS/App/fatfs.o
 .debug_ranges  0x00000000000008b8       0x30 ./FATFS/Target/user_diskio.o
 .debug_ranges  0x00000000000008e8       0x58 ./Middlewares/ST/STM32_USB_Device_Library/Class/MSC/Src/usbd_msc.o
 .debug_ranges  0x0000000000000940       0x58 ./Middlewares/ST/STM32_USB_Device_Library/Class/MSC/Src/usbd_msc_bot.o
 .debug_ranges  0x0000000000000998       0x88 ./Middlewares/ST/STM32_USB_Device_Library/Class/MSC/Src/usbd_msc_scsi.o
 .debug_ranges  0x0000000000000a20       0xa8 ./Middlewares/ST/STM32_USB_Device_Library/Core/Src/usbd_core.o
 .debug_ranges  0x0000000000000ac8       0x78 ./Middlewares/ST/STM32_USB_Device_Library/Core/Src/usbd_ctlreq.o
 .debug_ranges  0x0000000000000b40       0x40 ./Middlewares/ST/STM32_USB_Device_Library/Core/Src/usbd_ioreq.o
 .debug_ranges  0x0000000000000b80       0x38 ./Middlewares/Third_Party/FatFs/src/diskio.o
 .debug_ranges  0x0000000000000bb8      0x210 ./Middlewares/Third_Party/FatFs/src/ff.o
 .debug_ranges  0x0000000000000dc8       0x30 ./Middlewares/Third_Party/FatFs/src/ff_gen_drv.o
 .debug_ranges  0x0000000000000df8       0x18 ./Middlewares/Third_Party/FatFs/src/option/ccsbcs.o
 .debug_ranges  0x0000000000000e10       0x10 ./USB_DEVICE/App/usb_device.o
 .debug_ranges  0x0000000000000e20       0x50 ./USB_DEVICE/App/usbd_desc.o
 .debug_ranges  0x0000000000000e70       0x40 ./USB_DEVICE/App/usbd_storage_if.o
 .debug_ranges  0x0000000000000eb0      0x108 ./USB_DEVICE/Target/usbd_conf.o

.debug_macro    0x0000000000000000    0x1c137
 .debug_macro   0x0000000000000000      0x1e5 ./Core/Src/fatfs_sd.o
 .debug_macro   0x00000000000001e5      0xa6c ./Core/Src/fatfs_sd.o
 .debug_macro   0x0000000000000c51      0x21b ./Core/Src/fatfs_sd.o
 .debug_macro   0x0000000000000e6c       0x2e ./Core/Src/fatfs_sd.o
 .debug_macro   0x0000000000000e9a       0x22 ./Core/Src/fatfs_sd.o
 .debug_macro   0x0000000000000ebc       0x22 ./Core/Src/fatfs_sd.o
 .debug_macro   0x0000000000000ede       0x8e ./Core/Src/fatfs_sd.o
 .debug_macro   0x0000000000000f6c       0x51 ./Core/Src/fatfs_sd.o
 .debug_macro   0x0000000000000fbd      0x103 ./Core/Src/fatfs_sd.o
 .debug_macro   0x00000000000010c0       0x6a ./Core/Src/fatfs_sd.o
 .debug_macro   0x000000000000112a      0x1df ./Core/Src/fatfs_sd.o
 .debug_macro   0x0000000000001309       0x1c ./Core/Src/fatfs_sd.o
 .debug_macro   0x0000000000001325       0x22 ./Core/Src/fatfs_sd.o
 .debug_macro   0x0000000000001347       0xbd ./Core/Src/fatfs_sd.o
 .debug_macro   0x0000000000001404      0xd23 ./Core/Src/fatfs_sd.o
 .debug_macro   0x0000000000002127     0xe09e ./Core/Src/fatfs_sd.o
 .debug_macro   0x00000000000101c5       0x6d ./Core/Src/fatfs_sd.o
 .debug_macro   0x0000000000010232     0x3468 ./Core/Src/fatfs_sd.o
 .debug_macro   0x000000000001369a      0x174 ./Core/Src/fatfs_sd.o
 .debug_macro   0x000000000001380e       0x5c ./Core/Src/fatfs_sd.o
 .debug_macro   0x000000000001386a      0x5be ./Core/Src/fatfs_sd.o
 .debug_macro   0x0000000000013e28      0x289 ./Core/Src/fatfs_sd.o
 .debug_macro   0x00000000000140b1      0x1cb ./Core/Src/fatfs_sd.o
 .debug_macro   0x000000000001427c      0x114 ./Core/Src/fatfs_sd.o
 .debug_macro   0x0000000000014390      0x1b2 ./Core/Src/fatfs_sd.o
 .debug_macro   0x0000000000014542       0x27 ./Core/Src/fatfs_sd.o
 .debug_macro   0x0000000000014569      0x136 ./Core/Src/fatfs_sd.o
 .debug_macro   0x000000000001469f      0x1bc ./Core/Src/fatfs_sd.o
 .debug_macro   0x000000000001485b       0x34 ./Core/Src/fatfs_sd.o
 .debug_macro   0x000000000001488f       0x3c ./Core/Src/fatfs_sd.o
 .debug_macro   0x00000000000148cb       0x57 ./Core/Src/fatfs_sd.o
 .debug_macro   0x0000000000014922       0x88 ./Core/Src/fatfs_sd.o
 .debug_macro   0x00000000000149aa      0x241 ./Core/Src/fatfs_sd.o
 .debug_macro   0x0000000000014beb      0x141 ./Core/Src/fatfs_sd.o
 .debug_macro   0x0000000000014d2c      0x217 ./Core/Src/fatfs_sd.o